Archive member included because of file (symbol)

c:/altera/11.1sp2/nios2eds/bin/gnu/h-i686-mingw32/bin/../lib/gcc/nios2-elf/4.1.2/mno-hw-mul\libgcc.a(lib2-divmod.o)
                              obj/default/hello_world_small.o (__udivsi3)
../test_anem__bsp/\libhal_bsp.a(alt_load.o)
                              ../test_anem__bsp//obj/HAL/src/crt0.o (alt_load)
../test_anem__bsp/\libhal_bsp.a(alt_main.o)
                              ../test_anem__bsp//obj/HAL/src/crt0.o (alt_main)
../test_anem__bsp/\libhal_bsp.a(alt_printf.o)
                              obj/default/hello_world_small.o (alt_printf)
../test_anem__bsp/\libhal_bsp.a(alt_putchar.o)
                              ../test_anem__bsp/\libhal_bsp.a(alt_printf.o) (alt_putchar)
../test_anem__bsp/\libhal_bsp.a(alt_putstr.o)
                              obj/default/hello_world_small.o (alt_putstr)
../test_anem__bsp/\libhal_bsp.a(alt_sys_init.o)
                              ../test_anem__bsp/\libhal_bsp.a(alt_main.o) (alt_sys_init)
../test_anem__bsp/\libhal_bsp.a(altera_avalon_jtag_uart_write.o)
                              ../test_anem__bsp/\libhal_bsp.a(alt_putchar.o) (altera_avalon_jtag_uart_write)
../test_anem__bsp/\libhal_bsp.a(alt_dcache_flush_all.o)
                              ../test_anem__bsp/\libhal_bsp.a(alt_load.o) (alt_dcache_flush_all)
../test_anem__bsp/\libhal_bsp.a(alt_icache_flush_all.o)
                              ../test_anem__bsp/\libhal_bsp.a(alt_load.o) (alt_icache_flush_all)
../test_anem__bsp/\libhal_bsp.a(altera_nios2_irq.o)
                              ../test_anem__bsp/\libhal_bsp.a(alt_sys_init.o) (altera_nios2_irq_init)
c:/altera/11.1sp2/nios2eds/bin/gnu/h-i686-mingw32/bin/../lib/gcc/nios2-elf/4.1.2/../../../../nios2-elf/lib/mno-hw-mul\libsmallc.a(lib_a-strlen.o)
                              ../test_anem__bsp/\libhal_bsp.a(alt_putstr.o) (strlen)

Memory Configuration

Name             Origin             Length             Attributes
reset            0x00008000         0x00000020
sram             0x00008020         0x00004e00
*default*        0x00000000         0xffffffff

Linker script and memory map

LOAD ../test_anem__bsp//obj/HAL/src/crt0.o
                0x0000800c                exit = _exit
LOAD obj/default/hello_world_small.o
LOAD c:/altera/11.1sp2/nios2eds/bin/gnu/h-i686-mingw32/bin/../lib/gcc/nios2-elf/4.1.2/../../../../nios2-elf/lib/mno-hw-mul\libstdc++.a
LOAD c:/altera/11.1sp2/nios2eds/bin/gnu/h-i686-mingw32/bin/../lib/gcc/nios2-elf/4.1.2/../../../../nios2-elf/lib/mno-hw-mul\libm.a
LOAD c:/altera/11.1sp2/nios2eds/bin/gnu/h-i686-mingw32/bin/../lib/gcc/nios2-elf/4.1.2/mno-hw-mul\libgcc.a
START GROUP
LOAD c:/altera/11.1sp2/nios2eds/bin/gnu/h-i686-mingw32/bin/../lib/gcc/nios2-elf/4.1.2/../../../../nios2-elf/lib/mno-hw-mul\libsmallc.a
LOAD c:/altera/11.1sp2/nios2eds/bin/gnu/h-i686-mingw32/bin/../lib/gcc/nios2-elf/4.1.2/mno-hw-mul\libgcc.a
LOAD ../test_anem__bsp/\libhal_bsp.a
END GROUP
LOAD c:/altera/11.1sp2/nios2eds/bin/gnu/h-i686-mingw32/bin/../lib/gcc/nios2-elf/4.1.2/mno-hw-mul\libgcc.a
                0x00008000                __alt_mem_sram = 0x8000

.entry          0x00008000       0x20
 *(.entry)
 .entry         0x00008000       0x20 ../test_anem__bsp//obj/HAL/src/crt0.o
                0x00008000                __reset
                0x0000800c                _exit

.exceptions     0x00008020        0x0
                0x00008020                PROVIDE (__ram_exceptions_start, ABSOLUTE (.))
                0x00008020                . = ALIGN (0x20)
 *(.irq)
 *(.exceptions.entry.label)
 *(.exceptions.entry.user)
 *(.exceptions.entry)
 *(.exceptions.irqtest.user)
 *(.exceptions.irqtest)
 *(.exceptions.irqhandler.user)
 *(.exceptions.irqhandler)
 *(.exceptions.irqreturn.user)
 *(.exceptions.irqreturn)
 *(.exceptions.notirq.label)
 *(.exceptions.notirq.user)
 *(.exceptions.notirq)
 *(.exceptions.soft.user)
 *(.exceptions.soft)
 *(.exceptions.unknown.user)
 *(.exceptions.unknown)
 *(.exceptions.exit.label)
 *(.exceptions.exit.user)
 *(.exceptions.exit)
 *(.exceptions)
                0x00008020                PROVIDE (__ram_exceptions_end, ABSOLUTE (.))
                0x00008020                PROVIDE (__flash_exceptions_start, LOADADDR (.exceptions))

.text           0x00008020      0x62c
                0x00008020                PROVIDE (stext, ABSOLUTE (.))
 *(.interp)
 *(.hash)
 *(.dynsym)
 *(.dynstr)
 *(.gnu.version)
 *(.gnu.version_d)
 *(.gnu.version_r)
 *(.rel.init)
 *(.rela.init)
 *(.rel.text .rel.text.* .rel.gnu.linkonce.t.*)
 *(.rela.text .rela.text.* .rela.gnu.linkonce.t.*)
 *(.rel.fini)
 *(.rela.fini)
 *(.rel.rodata .rel.rodata.* .rel.gnu.linkonce.r.*)
 *(.rela.rodata .rela.rodata.* .rela.gnu.linkonce.r.*)
 *(.rel.data .rel.data.* .rel.gnu.linkonce.d.*)
 *(.rela.data .rela.data.* .rela.gnu.linkonce.d.*)
 *(.rel.tdata .rel.tdata.* .rel.gnu.linkonce.td.*)
 *(.rela.tdata .rela.tdata.* .rela.gnu.linkonce.td.*)
 *(.rel.tbss .rel.tbss.* .rel.gnu.linkonce.tb.*)
 *(.rela.tbss .rela.tbss.* .rela.gnu.linkonce.tb.*)
 *(.rel.ctors)
 *(.rela.ctors)
 *(.rel.dtors)
 *(.rela.dtors)
 *(.rel.got)
 *(.rela.got)
 *(.rel.sdata .rel.sdata.* .rel.gnu.linkonce.s.*)
 *(.rela.sdata .rela.sdata.* .rela.gnu.linkonce.s.*)
 *(.rel.sbss .rel.sbss.* .rel.gnu.linkonce.sb.*)
 *(.rela.sbss .rela.sbss.* .rela.gnu.linkonce.sb.*)
 *(.rel.sdata2 .rel.sdata2.* .rel.gnu.linkonce.s2.*)
 *(.rela.sdata2 .rela.sdata2.* .rela.gnu.linkonce.s2.*)
 *(.rel.sbss2 .rel.sbss2.* .rel.gnu.linkonce.sb2.*)
 *(.rela.sbss2 .rela.sbss2.* .rela.gnu.linkonce.sb2.*)
 *(.rel.bss .rel.bss.* .rel.gnu.linkonce.b.*)
 *(.rela.bss .rela.bss.* .rela.gnu.linkonce.b.*)
 *(.rel.plt)
 *(.rela.plt)
 *(.rel.dyn)
 *(.init)
 *(.plt)
 *(.text .stub .text.* .gnu.linkonce.t.*)
 .text          0x00008020       0x3c ../test_anem__bsp//obj/HAL/src/crt0.o
                0x00008020                _start
 .text          0x0000805c      0x198 obj/default/hello_world_small.o
                0x0000805c                main
 .text          0x000081f4      0x14c c:/altera/11.1sp2/nios2eds/bin/gnu/h-i686-mingw32/bin/../lib/gcc/nios2-elf/4.1.2/mno-hw-mul\libgcc.a(lib2-divmod.o)
                0x00008270                __divsi3
                0x000082d0                __modsi3
                0x00008330                __udivsi3
                0x00008338                __umodsi3
 .text          0x00008340       0x8c ../test_anem__bsp/\libhal_bsp.a(alt_load.o)
                0x00008360                alt_load
 .text          0x000083cc       0x2c ../test_anem__bsp/\libhal_bsp.a(alt_main.o)
                0x000083cc                alt_main
 .text          0x000083f8      0x144 ../test_anem__bsp/\libhal_bsp.a(alt_printf.o)
                0x000083f8                alt_printf
 .text          0x0000853c       0x50 ../test_anem__bsp/\libhal_bsp.a(alt_putchar.o)
                0x0000853c                alt_putchar
 .text          0x0000858c       0x38 ../test_anem__bsp/\libhal_bsp.a(alt_putstr.o)
                0x0000858c                alt_putstr
 .text          0x000085c4       0x24 ../test_anem__bsp/\libhal_bsp.a(alt_sys_init.o)
                0x000085c4                alt_sys_init
                0x000085c8                alt_irq_init
 .text          0x000085e8       0x34 ../test_anem__bsp/\libhal_bsp.a(altera_avalon_jtag_uart_write.o)
                0x000085e8                altera_avalon_jtag_uart_write
 .text          0x0000861c        0x4 ../test_anem__bsp/\libhal_bsp.a(alt_dcache_flush_all.o)
                0x0000861c                alt_dcache_flush_all
 .text          0x00008620        0x4 ../test_anem__bsp/\libhal_bsp.a(alt_icache_flush_all.o)
                0x00008620                alt_icache_flush_all
 .text          0x00008624        0x8 ../test_anem__bsp/\libhal_bsp.a(altera_nios2_irq.o)
                0x00008624                altera_nios2_irq_init
 .text          0x0000862c       0x20 c:/altera/11.1sp2/nios2eds/bin/gnu/h-i686-mingw32/bin/../lib/gcc/nios2-elf/4.1.2/../../../../nios2-elf/lib/mno-hw-mul\libsmallc.a(lib_a-strlen.o)
                0x0000862c                strlen
 *(.gnu.warning.*)
 *(.fini)
                0x0000864c                PROVIDE (__etext, ABSOLUTE (.))
                0x0000864c                PROVIDE (_etext, ABSOLUTE (.))
                0x0000864c                PROVIDE (etext, ABSOLUTE (.))
 *(.eh_frame_hdr)
                0x0000864c                . = ALIGN (0x4)
                0x0000864c                PROVIDE (__preinit_array_start, ABSOLUTE (.))
 *(.preinit_array)
                0x0000864c                PROVIDE (__preinit_array_end, ABSOLUTE (.))
                0x0000864c                PROVIDE (__init_array_start, ABSOLUTE (.))
 *(.init_array)
                0x0000864c                PROVIDE (__init_array_end, ABSOLUTE (.))
                0x0000864c                PROVIDE (__fini_array_start, ABSOLUTE (.))
 *(.fini_array)
                0x0000864c                PROVIDE (__fini_array_end, ABSOLUTE (.))
 *(.eh_frame)
 *(.gcc_except_table)
 *(.dynamic)
                0x0000864c                PROVIDE (__CTOR_LIST__, ABSOLUTE (.))
 *(.ctors)
 *(SORT(.ctors.*))
                0x0000864c                PROVIDE (__CTOR_END__, ABSOLUTE (.))
                0x0000864c                PROVIDE (__DTOR_LIST__, ABSOLUTE (.))
 *(.dtors)
 *(SORT(.dtors.*))
                0x0000864c                PROVIDE (__DTOR_END__, ABSOLUTE (.))
 *(.jcr)
                0x0000864c                . = ALIGN (0x4)

.rodata         0x0000864c       0xa8
                0x0000864c                PROVIDE (__ram_rodata_start, ABSOLUTE (.))
                0x0000864c                . = ALIGN (0x4)
 *(.rodata .rodata.* .gnu.linkonce.r.*)
 .rodata.str1.4
                0x0000864c       0xa8 obj/default/hello_world_small.o
 *(.rodata1)
                0x000086f4                . = ALIGN (0x4)
                0x000086f4                PROVIDE (__ram_rodata_end, ABSOLUTE (.))
                0x0000864c                PROVIDE (__flash_rodata_start, LOADADDR (.rodata))

.rwdata         0x000086f4        0x4 load address 0x000086f8
                0x000086f4                PROVIDE (__ram_rwdata_start, ABSOLUTE (.))
                0x000086f4                . = ALIGN (0x4)
 *(.got.plt)
 *(.got)
 *(.data1)
 *(.data .data.* .gnu.linkonce.d.*)
 .data          0x000086f4        0x0 ../test_anem__bsp//obj/HAL/src/crt0.o
 .data          0x000086f4        0x0 obj/default/hello_world_small.o
 .data          0x000086f4        0x0 c:/altera/11.1sp2/nios2eds/bin/gnu/h-i686-mingw32/bin/../lib/gcc/nios2-elf/4.1.2/mno-hw-mul\libgcc.a(lib2-divmod.o)
 .data          0x000086f4        0x0 ../test_anem__bsp/\libhal_bsp.a(alt_load.o)
 .data          0x000086f4        0x0 ../test_anem__bsp/\libhal_bsp.a(alt_main.o)
 .data          0x000086f4        0x0 ../test_anem__bsp/\libhal_bsp.a(alt_printf.o)
 .data          0x000086f4        0x0 ../test_anem__bsp/\libhal_bsp.a(alt_putchar.o)
 .data          0x000086f4        0x0 ../test_anem__bsp/\libhal_bsp.a(alt_putstr.o)
 .data          0x000086f4        0x0 ../test_anem__bsp/\libhal_bsp.a(alt_sys_init.o)
 .data          0x000086f4        0x0 ../test_anem__bsp/\libhal_bsp.a(altera_avalon_jtag_uart_write.o)
 .data          0x000086f4        0x0 ../test_anem__bsp/\libhal_bsp.a(alt_dcache_flush_all.o)
 .data          0x000086f4        0x0 ../test_anem__bsp/\libhal_bsp.a(alt_icache_flush_all.o)
 .data          0x000086f4        0x0 ../test_anem__bsp/\libhal_bsp.a(altera_nios2_irq.o)
 .data          0x000086f4        0x0 c:/altera/11.1sp2/nios2eds/bin/gnu/h-i686-mingw32/bin/../lib/gcc/nios2-elf/4.1.2/../../../../nios2-elf/lib/mno-hw-mul\libsmallc.a(lib_a-strlen.o)
                0x000106f4                _gp = ABSOLUTE ((. + 0x8000))
                0x000106f4                PROVIDE (gp, _gp)
 *(.rwdata .rwdata.*)
 *(.sdata .sdata.* .gnu.linkonce.s.*)
 .sdata         0x000086f4        0x4 ../test_anem__bsp/\libhal_bsp.a(alt_sys_init.o)
                0x000086f4                jtag_uart_0
 *(.sdata2 .sdata2.* .gnu.linkonce.s2.*)
                0x000086f8                . = ALIGN (0x4)
                0x000086f8                _edata = ABSOLUTE (.)
                0x000086f8                PROVIDE (edata, ABSOLUTE (.))
                0x000086f8                PROVIDE (__ram_rwdata_end, ABSOLUTE (.))
                0x000086f8                PROVIDE (__flash_rwdata_start, LOADADDR (.rwdata))

.bss            0x000086fc        0xc
                0x000086fc                __bss_start = ABSOLUTE (.)
                0x000086fc                PROVIDE (__sbss_start, ABSOLUTE (.))
                0x000086fc                PROVIDE (___sbss_start, ABSOLUTE (.))
 *(.dynsbss)
 *(.sbss .sbss.* .gnu.linkonce.sb.*)
 .sbss          0x000086fc        0xc ../test_anem__bsp/\libhal_bsp.a(alt_main.o)
                0x000086fc                alt_argc
                0x00008700                alt_argv
                0x00008704                alt_envp
 *(.sbss2 .sbss2.* .gnu.linkonce.sb2.*)
 *(.scommon)
                0x00008708                PROVIDE (__sbss_end, ABSOLUTE (.))
                0x00008708                PROVIDE (___sbss_end, ABSOLUTE (.))
 *(.dynbss)
 *(.bss .bss.* .gnu.linkonce.b.*)
 .bss           0x00008708        0x0 ../test_anem__bsp//obj/HAL/src/crt0.o
 .bss           0x00008708        0x0 obj/default/hello_world_small.o
 .bss           0x00008708        0x0 c:/altera/11.1sp2/nios2eds/bin/gnu/h-i686-mingw32/bin/../lib/gcc/nios2-elf/4.1.2/mno-hw-mul\libgcc.a(lib2-divmod.o)
 .bss           0x00008708        0x0 ../test_anem__bsp/\libhal_bsp.a(alt_load.o)
 .bss           0x00008708        0x0 ../test_anem__bsp/\libhal_bsp.a(alt_main.o)
 .bss           0x00008708        0x0 ../test_anem__bsp/\libhal_bsp.a(alt_printf.o)
 .bss           0x00008708        0x0 ../test_anem__bsp/\libhal_bsp.a(alt_putchar.o)
 .bss           0x00008708        0x0 ../test_anem__bsp/\libhal_bsp.a(alt_putstr.o)
 .bss           0x00008708        0x0 ../test_anem__bsp/\libhal_bsp.a(alt_sys_init.o)
 .bss           0x00008708        0x0 ../test_anem__bsp/\libhal_bsp.a(altera_avalon_jtag_uart_write.o)
 .bss           0x00008708        0x0 ../test_anem__bsp/\libhal_bsp.a(alt_dcache_flush_all.o)
 .bss           0x00008708        0x0 ../test_anem__bsp/\libhal_bsp.a(alt_icache_flush_all.o)
 .bss           0x00008708        0x0 ../test_anem__bsp/\libhal_bsp.a(altera_nios2_irq.o)
 .bss           0x00008708        0x0 c:/altera/11.1sp2/nios2eds/bin/gnu/h-i686-mingw32/bin/../lib/gcc/nios2-elf/4.1.2/../../../../nios2-elf/lib/mno-hw-mul\libsmallc.a(lib_a-strlen.o)
 *(COMMON)
                0x00008708                . = ALIGN (0x4)
                0x00008708                __bss_end = ABSOLUTE (.)

.sram           0x00008708        0x0
                0x00008708                PROVIDE (_alt_partition_sram_start, ABSOLUTE (.))
 *(.sram. sram.*)
                0x00008708                . = ALIGN (0x4)
                0x00008708                PROVIDE (_alt_partition_sram_end, ABSOLUTE (.))
                0x00008708                _end = ABSOLUTE (.)
                0x00008708                end = ABSOLUTE (.)
                0x00008708                __alt_stack_base = ABSOLUTE (.)
                0x00008708                PROVIDE (_alt_partition_sram_load_addr, LOADADDR (.sram))

.stab
 *(.stab)

.stabstr
 *(.stabstr)

.stab.excl
 *(.stab.excl)

.stab.exclstr
 *(.stab.exclstr)

.stab.index
 *(.stab.index)

.stab.indexstr
 *(.stab.indexstr)

.comment        0x00000000       0x26
 *(.comment)
 .comment       0x00000000       0x26 obj/default/hello_world_small.o
                                 0x27 (size before relaxing)
 .comment       0x00000000       0x27 c:/altera/11.1sp2/nios2eds/bin/gnu/h-i686-mingw32/bin/../lib/gcc/nios2-elf/4.1.2/mno-hw-mul\libgcc.a(lib2-divmod.o)
 .comment       0x00000000       0x27 ../test_anem__bsp/\libhal_bsp.a(alt_load.o)
 .comment       0x00000000       0x27 ../test_anem__bsp/\libhal_bsp.a(alt_main.o)
 .comment       0x00000000       0x27 ../test_anem__bsp/\libhal_bsp.a(alt_printf.o)
 .comment       0x00000000       0x27 ../test_anem__bsp/\libhal_bsp.a(alt_putchar.o)
 .comment       0x00000000       0x27 ../test_anem__bsp/\libhal_bsp.a(alt_putstr.o)
 .comment       0x00000000       0x27 ../test_anem__bsp/\libhal_bsp.a(alt_sys_init.o)
 .comment       0x00000000       0x27 ../test_anem__bsp/\libhal_bsp.a(altera_avalon_jtag_uart_write.o)
 .comment       0x00000000       0x27 ../test_anem__bsp/\libhal_bsp.a(alt_dcache_flush_all.o)
 .comment       0x00000000       0x27 ../test_anem__bsp/\libhal_bsp.a(alt_icache_flush_all.o)
 .comment       0x00000000       0x27 ../test_anem__bsp/\libhal_bsp.a(altera_nios2_irq.o)
 .comment       0x00000000       0x27 c:/altera/11.1sp2/nios2eds/bin/gnu/h-i686-mingw32/bin/../lib/gcc/nios2-elf/4.1.2/../../../../nios2-elf/lib/mno-hw-mul\libsmallc.a(lib_a-strlen.o)

.debug
 *(.debug)

.line
 *(.line)

.debug_srcinfo
 *(.debug_srcinfo)

.debug_sfnames
 *(.debug_sfnames)

.debug_aranges  0x00000000      0x1c8
 *(.debug_aranges)
 .debug_aranges
                0x00000000       0x28 ../test_anem__bsp//obj/HAL/src/crt0.o
 .debug_aranges
                0x00000028       0x20 obj/default/hello_world_small.o
 .debug_aranges
                0x00000048       0x20 c:/altera/11.1sp2/nios2eds/bin/gnu/h-i686-mingw32/bin/../lib/gcc/nios2-elf/4.1.2/mno-hw-mul\libgcc.a(lib2-divmod.o)
 .debug_aranges
                0x00000068       0x20 ../test_anem__bsp/\libhal_bsp.a(alt_load.o)
 .debug_aranges
                0x00000088       0x20 ../test_anem__bsp/\libhal_bsp.a(alt_main.o)
 .debug_aranges
                0x000000a8       0x20 ../test_anem__bsp/\libhal_bsp.a(alt_printf.o)
 .debug_aranges
                0x000000c8       0x20 ../test_anem__bsp/\libhal_bsp.a(alt_putchar.o)
 .debug_aranges
                0x000000e8       0x20 ../test_anem__bsp/\libhal_bsp.a(alt_putstr.o)
 .debug_aranges
                0x00000108       0x20 ../test_anem__bsp/\libhal_bsp.a(alt_sys_init.o)
 .debug_aranges
                0x00000128       0x20 ../test_anem__bsp/\libhal_bsp.a(altera_avalon_jtag_uart_write.o)
 .debug_aranges
                0x00000148       0x20 ../test_anem__bsp/\libhal_bsp.a(alt_dcache_flush_all.o)
 .debug_aranges
                0x00000168       0x20 ../test_anem__bsp/\libhal_bsp.a(alt_icache_flush_all.o)
 .debug_aranges
                0x00000188       0x20 ../test_anem__bsp/\libhal_bsp.a(altera_nios2_irq.o)
 .debug_aranges
                0x000001a8       0x20 c:/altera/11.1sp2/nios2eds/bin/gnu/h-i686-mingw32/bin/../lib/gcc/nios2-elf/4.1.2/../../../../nios2-elf/lib/mno-hw-mul\libsmallc.a(lib_a-strlen.o)

.debug_pubnames
                0x00000000      0x243
 *(.debug_pubnames)
 .debug_pubnames
                0x00000000       0x1b obj/default/hello_world_small.o
 .debug_pubnames
                0x0000001b       0x48 c:/altera/11.1sp2/nios2eds/bin/gnu/h-i686-mingw32/bin/../lib/gcc/nios2-elf/4.1.2/mno-hw-mul\libgcc.a(lib2-divmod.o)
 .debug_pubnames
                0x00000063       0x1f ../test_anem__bsp/\libhal_bsp.a(alt_load.o)
 .debug_pubnames
                0x00000082       0x46 ../test_anem__bsp/\libhal_bsp.a(alt_main.o)
 .debug_pubnames
                0x000000c8       0x21 ../test_anem__bsp/\libhal_bsp.a(alt_printf.o)
 .debug_pubnames
                0x000000e9       0x22 ../test_anem__bsp/\libhal_bsp.a(alt_putchar.o)
 .debug_pubnames
                0x0000010b       0x21 ../test_anem__bsp/\libhal_bsp.a(alt_putstr.o)
 .debug_pubnames
                0x0000012c       0x44 ../test_anem__bsp/\libhal_bsp.a(alt_sys_init.o)
 .debug_pubnames
                0x00000170       0x34 ../test_anem__bsp/\libhal_bsp.a(altera_avalon_jtag_uart_write.o)
 .debug_pubnames
                0x000001a4       0x2b ../test_anem__bsp/\libhal_bsp.a(alt_dcache_flush_all.o)
 .debug_pubnames
                0x000001cf       0x2b ../test_anem__bsp/\libhal_bsp.a(alt_icache_flush_all.o)
 .debug_pubnames
                0x000001fa       0x2c ../test_anem__bsp/\libhal_bsp.a(altera_nios2_irq.o)
 .debug_pubnames
                0x00000226       0x1d c:/altera/11.1sp2/nios2eds/bin/gnu/h-i686-mingw32/bin/../lib/gcc/nios2-elf/4.1.2/../../../../nios2-elf/lib/mno-hw-mul\libsmallc.a(lib_a-strlen.o)

.debug_info     0x00000000      0xdc8
 *(.debug_info .gnu.linkonce.wi.*)
 .debug_info    0x00000000       0x85 ../test_anem__bsp//obj/HAL/src/crt0.o
 .debug_info    0x00000085       0xb8 obj/default/hello_world_small.o
 .debug_info    0x0000013d      0x21c c:/altera/11.1sp2/nios2eds/bin/gnu/h-i686-mingw32/bin/../lib/gcc/nios2-elf/4.1.2/mno-hw-mul\libgcc.a(lib2-divmod.o)
 .debug_info    0x00000359      0x12e ../test_anem__bsp/\libhal_bsp.a(alt_load.o)
 .debug_info    0x00000487      0x125 ../test_anem__bsp/\libhal_bsp.a(alt_main.o)
 .debug_info    0x000005ac      0x11d ../test_anem__bsp/\libhal_bsp.a(alt_printf.o)
 .debug_info    0x000006c9       0xc5 ../test_anem__bsp/\libhal_bsp.a(alt_putchar.o)
 .debug_info    0x0000078e       0xc5 ../test_anem__bsp/\libhal_bsp.a(alt_putstr.o)
 .debug_info    0x00000853      0x17d ../test_anem__bsp/\libhal_bsp.a(alt_sys_init.o)
 .debug_info    0x000009d0      0x18f ../test_anem__bsp/\libhal_bsp.a(altera_avalon_jtag_uart_write.o)
 .debug_info    0x00000b5f       0x8d ../test_anem__bsp/\libhal_bsp.a(alt_dcache_flush_all.o)
 .debug_info    0x00000bec       0x8d ../test_anem__bsp/\libhal_bsp.a(alt_icache_flush_all.o)
 .debug_info    0x00000c79       0x8d ../test_anem__bsp/\libhal_bsp.a(altera_nios2_irq.o)
 .debug_info    0x00000d06       0xc2 c:/altera/11.1sp2/nios2eds/bin/gnu/h-i686-mingw32/bin/../lib/gcc/nios2-elf/4.1.2/../../../../nios2-elf/lib/mno-hw-mul\libsmallc.a(lib_a-strlen.o)

.debug_abbrev   0x00000000      0x752
 *(.debug_abbrev)
 .debug_abbrev  0x00000000       0x12 ../test_anem__bsp//obj/HAL/src/crt0.o
 .debug_abbrev  0x00000012       0x5b obj/default/hello_world_small.o
 .debug_abbrev  0x0000006d       0xe0 c:/altera/11.1sp2/nios2eds/bin/gnu/h-i686-mingw32/bin/../lib/gcc/nios2-elf/4.1.2/mno-hw-mul\libgcc.a(lib2-divmod.o)
 .debug_abbrev  0x0000014d       0x97 ../test_anem__bsp/\libhal_bsp.a(alt_load.o)
 .debug_abbrev  0x000001e4       0xa6 ../test_anem__bsp/\libhal_bsp.a(alt_main.o)
 .debug_abbrev  0x0000028a       0xc7 ../test_anem__bsp/\libhal_bsp.a(alt_printf.o)
 .debug_abbrev  0x00000351       0x7b ../test_anem__bsp/\libhal_bsp.a(alt_putchar.o)
 .debug_abbrev  0x000003cc       0x7c ../test_anem__bsp/\libhal_bsp.a(alt_putstr.o)
 .debug_abbrev  0x00000448       0xe3 ../test_anem__bsp/\libhal_bsp.a(alt_sys_init.o)
 .debug_abbrev  0x0000052b       0xf0 ../test_anem__bsp/\libhal_bsp.a(altera_avalon_jtag_uart_write.o)
 .debug_abbrev  0x0000061b       0x3f ../test_anem__bsp/\libhal_bsp.a(alt_dcache_flush_all.o)
 .debug_abbrev  0x0000065a       0x3f ../test_anem__bsp/\libhal_bsp.a(alt_icache_flush_all.o)
 .debug_abbrev  0x00000699       0x3f ../test_anem__bsp/\libhal_bsp.a(altera_nios2_irq.o)
 .debug_abbrev  0x000006d8       0x7a c:/altera/11.1sp2/nios2eds/bin/gnu/h-i686-mingw32/bin/../lib/gcc/nios2-elf/4.1.2/../../../../nios2-elf/lib/mno-hw-mul\libsmallc.a(lib_a-strlen.o)

.debug_line     0x00000000     0x1d0c
 *(.debug_line)
 .debug_line    0x00000000       0x66 ../test_anem__bsp//obj/HAL/src/crt0.o
 .debug_line    0x00000066      0x2c4 obj/default/hello_world_small.o
 .debug_line    0x0000032a      0x24f c:/altera/11.1sp2/nios2eds/bin/gnu/h-i686-mingw32/bin/../lib/gcc/nios2-elf/4.1.2/mno-hw-mul\libgcc.a(lib2-divmod.o)
 .debug_line    0x00000579      0x217 ../test_anem__bsp/\libhal_bsp.a(alt_load.o)
 .debug_line    0x00000790      0x2c2 ../test_anem__bsp/\libhal_bsp.a(alt_main.o)
 .debug_line    0x00000a52      0x1f2 ../test_anem__bsp/\libhal_bsp.a(alt_printf.o)
 .debug_line    0x00000c44      0x1f2 ../test_anem__bsp/\libhal_bsp.a(alt_putchar.o)
 .debug_line    0x00000e36      0x1d9 ../test_anem__bsp/\libhal_bsp.a(alt_putstr.o)
 .debug_line    0x0000100f      0x286 ../test_anem__bsp/\libhal_bsp.a(alt_sys_init.o)
 .debug_line    0x00001295      0x2f4 ../test_anem__bsp/\libhal_bsp.a(altera_avalon_jtag_uart_write.o)
 .debug_line    0x00001589      0x1b5 ../test_anem__bsp/\libhal_bsp.a(alt_dcache_flush_all.o)
 .debug_line    0x0000173e      0x1b5 ../test_anem__bsp/\libhal_bsp.a(alt_icache_flush_all.o)
 .debug_line    0x000018f3      0x1c9 ../test_anem__bsp/\libhal_bsp.a(altera_nios2_irq.o)
 .debug_line    0x00001abc      0x250 c:/altera/11.1sp2/nios2eds/bin/gnu/h-i686-mingw32/bin/../lib/gcc/nios2-elf/4.1.2/../../../../nios2-elf/lib/mno-hw-mul\libsmallc.a(lib_a-strlen.o)

.debug_frame    0x00000000      0x254
 *(.debug_frame)
 .debug_frame   0x00000000       0x2c obj/default/hello_world_small.o
 .debug_frame   0x0000002c       0x70 c:/altera/11.1sp2/nios2eds/bin/gnu/h-i686-mingw32/bin/../lib/gcc/nios2-elf/4.1.2/mno-hw-mul\libgcc.a(lib2-divmod.o)
 .debug_frame   0x0000009c       0x38 ../test_anem__bsp/\libhal_bsp.a(alt_load.o)
 .debug_frame   0x000000d4       0x28 ../test_anem__bsp/\libhal_bsp.a(alt_main.o)
 .debug_frame   0x000000fc       0x2c ../test_anem__bsp/\libhal_bsp.a(alt_printf.o)
 .debug_frame   0x00000128       0x2c ../test_anem__bsp/\libhal_bsp.a(alt_putchar.o)
 .debug_frame   0x00000154       0x28 ../test_anem__bsp/\libhal_bsp.a(alt_putstr.o)
 .debug_frame   0x0000017c       0x38 ../test_anem__bsp/\libhal_bsp.a(alt_sys_init.o)
 .debug_frame   0x000001b4       0x20 ../test_anem__bsp/\libhal_bsp.a(altera_avalon_jtag_uart_write.o)
 .debug_frame   0x000001d4       0x20 ../test_anem__bsp/\libhal_bsp.a(alt_dcache_flush_all.o)
 .debug_frame   0x000001f4       0x20 ../test_anem__bsp/\libhal_bsp.a(alt_icache_flush_all.o)
 .debug_frame   0x00000214       0x20 ../test_anem__bsp/\libhal_bsp.a(altera_nios2_irq.o)
 .debug_frame   0x00000234       0x20 c:/altera/11.1sp2/nios2eds/bin/gnu/h-i686-mingw32/bin/../lib/gcc/nios2-elf/4.1.2/../../../../nios2-elf/lib/mno-hw-mul\libsmallc.a(lib_a-strlen.o)

.debug_str      0x00000000      0x6b7
 *(.debug_str)
 .debug_str     0x00000000       0xe1 obj/default/hello_world_small.o
                                0x11f (size before relaxing)
 .debug_str     0x000000e1      0x10b c:/altera/11.1sp2/nios2eds/bin/gnu/h-i686-mingw32/bin/../lib/gcc/nios2-elf/4.1.2/mno-hw-mul\libgcc.a(lib2-divmod.o)
                                0x1b4 (size before relaxing)
 .debug_str     0x000001ec      0x145 ../test_anem__bsp/\libhal_bsp.a(alt_load.o)
                                0x1da (size before relaxing)
 .debug_str     0x00000331       0x75 ../test_anem__bsp/\libhal_bsp.a(alt_main.o)
                                0x15e (size before relaxing)
 .debug_str     0x000003a6       0x46 ../test_anem__bsp/\libhal_bsp.a(alt_printf.o)
                                 0xc5 (size before relaxing)
 .debug_str     0x000003ec       0x4e ../test_anem__bsp/\libhal_bsp.a(alt_putchar.o)
                                0x137 (size before relaxing)
 .debug_str     0x0000043a       0x20 ../test_anem__bsp/\libhal_bsp.a(alt_putstr.o)
                                0x135 (size before relaxing)
 .debug_str     0x0000045a       0x85 ../test_anem__bsp/\libhal_bsp.a(alt_sys_init.o)
                                0x1d3 (size before relaxing)
 .debug_str     0x000004df       0x56 ../test_anem__bsp/\libhal_bsp.a(altera_avalon_jtag_uart_write.o)
                                0x1d6 (size before relaxing)
 .debug_str     0x00000535       0x34 ../test_anem__bsp/\libhal_bsp.a(alt_dcache_flush_all.o)
                                0x11d (size before relaxing)
 .debug_str     0x00000569       0x34 ../test_anem__bsp/\libhal_bsp.a(alt_icache_flush_all.o)
                                0x11d (size before relaxing)
 .debug_str     0x0000059d       0x31 ../test_anem__bsp/\libhal_bsp.a(altera_nios2_irq.o)
                                0x11a (size before relaxing)
 .debug_str     0x000005ce       0xe9 c:/altera/11.1sp2/nios2eds/bin/gnu/h-i686-mingw32/bin/../lib/gcc/nios2-elf/4.1.2/../../../../nios2-elf/lib/mno-hw-mul\libsmallc.a(lib_a-strlen.o)
                                0x184 (size before relaxing)

.debug_loc      0x00000000      0x4bd
 *(.debug_loc)
 .debug_loc     0x00000000       0x3d obj/default/hello_world_small.o
 .debug_loc     0x0000003d      0x1d2 c:/altera/11.1sp2/nios2eds/bin/gnu/h-i686-mingw32/bin/../lib/gcc/nios2-elf/4.1.2/mno-hw-mul\libgcc.a(lib2-divmod.o)
 .debug_loc     0x0000020f       0x1f ../test_anem__bsp/\libhal_bsp.a(alt_load.o)
 .debug_loc     0x0000022e       0x1f ../test_anem__bsp/\libhal_bsp.a(alt_main.o)
 .debug_loc     0x0000024d      0x175 ../test_anem__bsp/\libhal_bsp.a(alt_printf.o)
 .debug_loc     0x000003c2       0x3d ../test_anem__bsp/\libhal_bsp.a(alt_putchar.o)
 .debug_loc     0x000003ff       0x48 ../test_anem__bsp/\libhal_bsp.a(alt_putstr.o)
 .debug_loc     0x00000447       0x32 ../test_anem__bsp/\libhal_bsp.a(alt_sys_init.o)
 .debug_loc     0x00000479       0x26 ../test_anem__bsp/\libhal_bsp.a(altera_avalon_jtag_uart_write.o)
 .debug_loc     0x0000049f       0x1e c:/altera/11.1sp2/nios2eds/bin/gnu/h-i686-mingw32/bin/../lib/gcc/nios2-elf/4.1.2/../../../../nios2-elf/lib/mno-hw-mul\libsmallc.a(lib_a-strlen.o)

.debug_macinfo
 *(.debug_macinfo)

.debug_weaknames
 *(.debug_weaknames)

.debug_funcnames
 *(.debug_funcnames)

.debug_typenames
 *(.debug_typenames)

.debug_varnames
 *(.debug_varnames)

.debug_alt_sim_info
                0x00000000       0x10
 *(.debug_alt_sim_info)
 .debug_alt_sim_info
                0x00000000       0x10 ../test_anem__bsp//obj/HAL/src/crt0.o
                0x0000ce20                __alt_data_end = 0xce20
                0x0000ce20                PROVIDE (__alt_stack_pointer, __alt_data_end)
                0x00008708                PROVIDE (__alt_stack_limit, __alt_stack_base)
                0x00008708                PROVIDE (__alt_heap_start, end)
                0x0000ce20                PROVIDE (__alt_heap_limit, 0xce20)
OUTPUT(test_anem_.elf elf32-littlenios2)

.debug_ranges   0x00000000       0x20
 .debug_ranges  0x00000000       0x20 ../test_anem__bsp//obj/HAL/src/crt0.o
