--------------------------------------------------------------------------------------
Timing Analyzer Summary
--------------------------------------------------------------------------------------

Type           : Worst-case tsu
Slack          : N/A
Required Time  : None
Actual Time    : 6.338 ns
From           : FREQ[15]
To             : cpt:C1|cpt_sig[0]
From Clock     : --
To Clock       : clk
Failed Paths   : 0

Type           : Worst-case tco
Slack          : N/A
Required Time  : None
Actual Time    : 11.380 ns
From           : comp:C2|pwm_sig
To             : PWM_out
From Clock     : clk
To Clock       : --
Failed Paths   : 0

Type           : Worst-case th
Slack          : N/A
Required Time  : None
Actual Time    : 3.679 ns
From           : araz
To             : comp:C2|comp_sig[15]
From Clock     : --
To Clock       : clk
Failed Paths   : 0

Type           : Clock Setup: 'clk'
Slack          : N/A
Required Time  : None
Actual Time    : 321.13 MHz ( period = 3.114 ns )
From           : cpt:C1|cpt_sig[3]
To             : cpt:C1|cpt_sig[0]
From Clock     : clk
To Clock       : clk
Failed Paths   : 0

Type           : Total number of failed paths
Slack          : 
Required Time  : 
Actual Time    : 
From           : 
To             : 
From Clock     : 
To Clock       : 
Failed Paths   : 0

--------------------------------------------------------------------------------------

