Archive member included because of file (symbol)

../cpu_anemometre_bsp/\libhal_bsp.a(alt_load.o)
                              ../cpu_anemometre_bsp//obj/HAL/src/crt0.o (alt_load)
../cpu_anemometre_bsp/\libhal_bsp.a(alt_main.o)
                              ../cpu_anemometre_bsp//obj/HAL/src/crt0.o (alt_main)
../cpu_anemometre_bsp/\libhal_bsp.a(alt_printf.o)
                              obj/default/hello_world_small.o (alt_printf)
../cpu_anemometre_bsp/\libhal_bsp.a(alt_putchar.o)
                              ../cpu_anemometre_bsp/\libhal_bsp.a(alt_printf.o) (alt_putchar)
../cpu_anemometre_bsp/\libhal_bsp.a(alt_putstr.o)
                              obj/default/hello_world_small.o (alt_putstr)
../cpu_anemometre_bsp/\libhal_bsp.a(alt_sys_init.o)
                              ../cpu_anemometre_bsp/\libhal_bsp.a(alt_main.o) (alt_sys_init)
../cpu_anemometre_bsp/\libhal_bsp.a(altera_avalon_jtag_uart_write.o)
                              ../cpu_anemometre_bsp/\libhal_bsp.a(alt_putchar.o) (altera_avalon_jtag_uart_write)
../cpu_anemometre_bsp/\libhal_bsp.a(alt_dcache_flush_all.o)
                              ../cpu_anemometre_bsp/\libhal_bsp.a(alt_load.o) (alt_dcache_flush_all)
../cpu_anemometre_bsp/\libhal_bsp.a(alt_icache_flush_all.o)
                              ../cpu_anemometre_bsp/\libhal_bsp.a(alt_load.o) (alt_icache_flush_all)
../cpu_anemometre_bsp/\libhal_bsp.a(altera_nios2_irq.o)
                              ../cpu_anemometre_bsp/\libhal_bsp.a(alt_sys_init.o) (altera_nios2_irq_init)
c:/altera/11.1sp2/nios2eds/bin/gnu/h-i686-mingw32/bin/../lib/gcc/nios2-elf/4.1.2/../../../../nios2-elf/lib/mno-hw-mul\libsmallc.a(lib_a-strlen.o)
                              ../cpu_anemometre_bsp/\libhal_bsp.a(alt_putstr.o) (strlen)

Memory Configuration

Name             Origin             Length             Attributes
reset            0x00008000         0x00000020
sram             0x00008020         0x00004e00
*default*        0x00000000         0xffffffff

Linker script and memory map

LOAD ../cpu_anemometre_bsp//obj/HAL/src/crt0.o
                0x0000800c                exit = _exit
LOAD obj/default/hello_world_small.o
LOAD c:/altera/11.1sp2/nios2eds/bin/gnu/h-i686-mingw32/bin/../lib/gcc/nios2-elf/4.1.2/../../../../nios2-elf/lib/mno-hw-mul\libstdc++.a
LOAD c:/altera/11.1sp2/nios2eds/bin/gnu/h-i686-mingw32/bin/../lib/gcc/nios2-elf/4.1.2/../../../../nios2-elf/lib/mno-hw-mul\libm.a
LOAD c:/altera/11.1sp2/nios2eds/bin/gnu/h-i686-mingw32/bin/../lib/gcc/nios2-elf/4.1.2/mno-hw-mul\libgcc.a
START GROUP
LOAD c:/altera/11.1sp2/nios2eds/bin/gnu/h-i686-mingw32/bin/../lib/gcc/nios2-elf/4.1.2/../../../../nios2-elf/lib/mno-hw-mul\libsmallc.a
LOAD c:/altera/11.1sp2/nios2eds/bin/gnu/h-i686-mingw32/bin/../lib/gcc/nios2-elf/4.1.2/mno-hw-mul\libgcc.a
LOAD ../cpu_anemometre_bsp/\libhal_bsp.a
END GROUP
LOAD c:/altera/11.1sp2/nios2eds/bin/gnu/h-i686-mingw32/bin/../lib/gcc/nios2-elf/4.1.2/mno-hw-mul\libgcc.a
                0x00008000                __alt_mem_sram = 0x8000

.entry          0x00008000       0x20
 *(.entry)
 .entry         0x00008000       0x20 ../cpu_anemometre_bsp//obj/HAL/src/crt0.o
                0x00008000                __reset
                0x0000800c                _exit

.exceptions     0x00008020        0x0
                0x00008020                PROVIDE (__ram_exceptions_start, ABSOLUTE (.))
                0x00008020                . = ALIGN (0x20)
 *(.irq)
 *(.exceptions.entry.label)
 *(.exceptions.entry.user)
 *(.exceptions.entry)
 *(.exceptions.irqtest.user)
 *(.exceptions.irqtest)
 *(.exceptions.irqhandler.user)
 *(.exceptions.irqhandler)
 *(.exceptions.irqreturn.user)
 *(.exceptions.irqreturn)
 *(.exceptions.notirq.label)
 *(.exceptions.notirq.user)
 *(.exceptions.notirq)
 *(.exceptions.soft.user)
 *(.exceptions.soft)
 *(.exceptions.unknown.user)
 *(.exceptions.unknown)
 *(.exceptions.exit.label)
 *(.exceptions.exit.user)
 *(.exceptions.exit)
 *(.exceptions)
                0x00008020                PROVIDE (__ram_exceptions_end, ABSOLUTE (.))
                0x00008020                PROVIDE (__flash_exceptions_start, LOADADDR (.exceptions))

.text           0x00008020      0x3e4
                0x00008020                PROVIDE (stext, ABSOLUTE (.))
 *(.interp)
 *(.hash)
 *(.dynsym)
 *(.dynstr)
 *(.gnu.version)
 *(.gnu.version_d)
 *(.gnu.version_r)
 *(.rel.init)
 *(.rela.init)
 *(.rel.text .rel.text.* .rel.gnu.linkonce.t.*)
 *(.rela.text .rela.text.* .rela.gnu.linkonce.t.*)
 *(.rel.fini)
 *(.rela.fini)
 *(.rel.rodata .rel.rodata.* .rel.gnu.linkonce.r.*)
 *(.rela.rodata .rela.rodata.* .rela.gnu.linkonce.r.*)
 *(.rel.data .rel.data.* .rel.gnu.linkonce.d.*)
 *(.rela.data .rela.data.* .rela.gnu.linkonce.d.*)
 *(.rel.tdata .rel.tdata.* .rel.gnu.linkonce.td.*)
 *(.rela.tdata .rela.tdata.* .rela.gnu.linkonce.td.*)
 *(.rel.tbss .rel.tbss.* .rel.gnu.linkonce.tb.*)
 *(.rela.tbss .rela.tbss.* .rela.gnu.linkonce.tb.*)
 *(.rel.ctors)
 *(.rela.ctors)
 *(.rel.dtors)
 *(.rela.dtors)
 *(.rel.got)
 *(.rela.got)
 *(.rel.sdata .rel.sdata.* .rel.gnu.linkonce.s.*)
 *(.rela.sdata .rela.sdata.* .rela.gnu.linkonce.s.*)
 *(.rel.sbss .rel.sbss.* .rel.gnu.linkonce.sb.*)
 *(.rela.sbss .rela.sbss.* .rela.gnu.linkonce.sb.*)
 *(.rel.sdata2 .rel.sdata2.* .rel.gnu.linkonce.s2.*)
 *(.rela.sdata2 .rela.sdata2.* .rela.gnu.linkonce.s2.*)
 *(.rel.sbss2 .rel.sbss2.* .rel.gnu.linkonce.sb2.*)
 *(.rela.sbss2 .rela.sbss2.* .rela.gnu.linkonce.sb2.*)
 *(.rel.bss .rel.bss.* .rel.gnu.linkonce.b.*)
 *(.rela.bss .rela.bss.* .rela.gnu.linkonce.b.*)
 *(.rel.plt)
 *(.rela.plt)
 *(.rel.dyn)
 *(.init)
 *(.plt)
 *(.text .stub .text.* .gnu.linkonce.t.*)
 .text          0x00008020       0x3c ../cpu_anemometre_bsp//obj/HAL/src/crt0.o
                0x00008020                _start
 .text          0x0000805c       0x9c obj/default/hello_world_small.o
                0x0000805c                main
 .text          0x000080f8       0x8c ../cpu_anemometre_bsp/\libhal_bsp.a(alt_load.o)
                0x00008118                alt_load
 .text          0x00008184       0x2c ../cpu_anemometre_bsp/\libhal_bsp.a(alt_main.o)
                0x00008184                alt_main
 .text          0x000081b0      0x144 ../cpu_anemometre_bsp/\libhal_bsp.a(alt_printf.o)
                0x000081b0                alt_printf
 .text          0x000082f4       0x50 ../cpu_anemometre_bsp/\libhal_bsp.a(alt_putchar.o)
                0x000082f4                alt_putchar
 .text          0x00008344       0x38 ../cpu_anemometre_bsp/\libhal_bsp.a(alt_putstr.o)
                0x00008344                alt_putstr
 .text          0x0000837c       0x24 ../cpu_anemometre_bsp/\libhal_bsp.a(alt_sys_init.o)
                0x0000837c                alt_sys_init
                0x00008380                alt_irq_init
 .text          0x000083a0       0x34 ../cpu_anemometre_bsp/\libhal_bsp.a(altera_avalon_jtag_uart_write.o)
                0x000083a0                altera_avalon_jtag_uart_write
 .text          0x000083d4        0x4 ../cpu_anemometre_bsp/\libhal_bsp.a(alt_dcache_flush_all.o)
                0x000083d4                alt_dcache_flush_all
 .text          0x000083d8        0x4 ../cpu_anemometre_bsp/\libhal_bsp.a(alt_icache_flush_all.o)
                0x000083d8                alt_icache_flush_all
 .text          0x000083dc        0x8 ../cpu_anemometre_bsp/\libhal_bsp.a(altera_nios2_irq.o)
                0x000083dc                altera_nios2_irq_init
 .text          0x000083e4       0x20 c:/altera/11.1sp2/nios2eds/bin/gnu/h-i686-mingw32/bin/../lib/gcc/nios2-elf/4.1.2/../../../../nios2-elf/lib/mno-hw-mul\libsmallc.a(lib_a-strlen.o)
                0x000083e4                strlen
 *(.gnu.warning.*)
 *(.fini)
                0x00008404                PROVIDE (__etext, ABSOLUTE (.))
                0x00008404                PROVIDE (_etext, ABSOLUTE (.))
                0x00008404                PROVIDE (etext, ABSOLUTE (.))
 *(.eh_frame_hdr)
                0x00008404                . = ALIGN (0x4)
                0x00008404                PROVIDE (__preinit_array_start, ABSOLUTE (.))
 *(.preinit_array)
                0x00008404                PROVIDE (__preinit_array_end, ABSOLUTE (.))
                0x00008404                PROVIDE (__init_array_start, ABSOLUTE (.))
 *(.init_array)
                0x00008404                PROVIDE (__init_array_end, ABSOLUTE (.))
                0x00008404                PROVIDE (__fini_array_start, ABSOLUTE (.))
 *(.fini_array)
                0x00008404                PROVIDE (__fini_array_end, ABSOLUTE (.))
 *(.eh_frame)
 *(.gcc_except_table)
 *(.dynamic)
                0x00008404                PROVIDE (__CTOR_LIST__, ABSOLUTE (.))
 *(.ctors)
 *(SORT(.ctors.*))
                0x00008404                PROVIDE (__CTOR_END__, ABSOLUTE (.))
                0x00008404                PROVIDE (__DTOR_LIST__, ABSOLUTE (.))
 *(.dtors)
 *(SORT(.dtors.*))
                0x00008404                PROVIDE (__DTOR_END__, ABSOLUTE (.))
 *(.jcr)
                0x00008404                . = ALIGN (0x4)

.rodata         0x00008404       0x40
                0x00008404                PROVIDE (__ram_rodata_start, ABSOLUTE (.))
                0x00008404                . = ALIGN (0x4)
 *(.rodata .rodata.* .gnu.linkonce.r.*)
 .rodata.str1.4
                0x00008404       0x40 obj/default/hello_world_small.o
 *(.rodata1)
                0x00008444                . = ALIGN (0x4)
                0x00008444                PROVIDE (__ram_rodata_end, ABSOLUTE (.))
                0x00008404                PROVIDE (__flash_rodata_start, LOADADDR (.rodata))

.rwdata         0x00008444        0x4 load address 0x00008448
                0x00008444                PROVIDE (__ram_rwdata_start, ABSOLUTE (.))
                0x00008444                . = ALIGN (0x4)
 *(.got.plt)
 *(.got)
 *(.data1)
 *(.data .data.* .gnu.linkonce.d.*)
 .data          0x00008444        0x0 ../cpu_anemometre_bsp//obj/HAL/src/crt0.o
 .data          0x00008444        0x0 obj/default/hello_world_small.o
 .data          0x00008444        0x0 ../cpu_anemometre_bsp/\libhal_bsp.a(alt_load.o)
 .data          0x00008444        0x0 ../cpu_anemometre_bsp/\libhal_bsp.a(alt_main.o)
 .data          0x00008444        0x0 ../cpu_anemometre_bsp/\libhal_bsp.a(alt_printf.o)
 .data          0x00008444        0x0 ../cpu_anemometre_bsp/\libhal_bsp.a(alt_putchar.o)
 .data          0x00008444        0x0 ../cpu_anemometre_bsp/\libhal_bsp.a(alt_putstr.o)
 .data          0x00008444        0x0 ../cpu_anemometre_bsp/\libhal_bsp.a(alt_sys_init.o)
 .data          0x00008444        0x0 ../cpu_anemometre_bsp/\libhal_bsp.a(altera_avalon_jtag_uart_write.o)
 .data          0x00008444        0x0 ../cpu_anemometre_bsp/\libhal_bsp.a(alt_dcache_flush_all.o)
 .data          0x00008444        0x0 ../cpu_anemometre_bsp/\libhal_bsp.a(alt_icache_flush_all.o)
 .data          0x00008444        0x0 ../cpu_anemometre_bsp/\libhal_bsp.a(altera_nios2_irq.o)
 .data          0x00008444        0x0 c:/altera/11.1sp2/nios2eds/bin/gnu/h-i686-mingw32/bin/../lib/gcc/nios2-elf/4.1.2/../../../../nios2-elf/lib/mno-hw-mul\libsmallc.a(lib_a-strlen.o)
                0x00010444                _gp = ABSOLUTE ((. + 0x8000))
                0x00010444                PROVIDE (gp, _gp)
 *(.rwdata .rwdata.*)
 *(.sdata .sdata.* .gnu.linkonce.s.*)
 .sdata         0x00008444        0x4 ../cpu_anemometre_bsp/\libhal_bsp.a(alt_sys_init.o)
                0x00008444                jtag_uart_0
 *(.sdata2 .sdata2.* .gnu.linkonce.s2.*)
                0x00008448                . = ALIGN (0x4)
                0x00008448                _edata = ABSOLUTE (.)
                0x00008448                PROVIDE (edata, ABSOLUTE (.))
                0x00008448                PROVIDE (__ram_rwdata_end, ABSOLUTE (.))
                0x00008448                PROVIDE (__flash_rwdata_start, LOADADDR (.rwdata))

.bss            0x0000844c        0xc
                0x0000844c                __bss_start = ABSOLUTE (.)
                0x0000844c                PROVIDE (__sbss_start, ABSOLUTE (.))
                0x0000844c                PROVIDE (___sbss_start, ABSOLUTE (.))
 *(.dynsbss)
 *(.sbss .sbss.* .gnu.linkonce.sb.*)
 .sbss          0x0000844c        0xc ../cpu_anemometre_bsp/\libhal_bsp.a(alt_main.o)
                0x0000844c                alt_argc
                0x00008450                alt_argv
                0x00008454                alt_envp
 *(.sbss2 .sbss2.* .gnu.linkonce.sb2.*)
 *(.scommon)
                0x00008458                PROVIDE (__sbss_end, ABSOLUTE (.))
                0x00008458                PROVIDE (___sbss_end, ABSOLUTE (.))
 *(.dynbss)
 *(.bss .bss.* .gnu.linkonce.b.*)
 .bss           0x00008458        0x0 ../cpu_anemometre_bsp//obj/HAL/src/crt0.o
 .bss           0x00008458        0x0 obj/default/hello_world_small.o
 .bss           0x00008458        0x0 ../cpu_anemometre_bsp/\libhal_bsp.a(alt_load.o)
 .bss           0x00008458        0x0 ../cpu_anemometre_bsp/\libhal_bsp.a(alt_main.o)
 .bss           0x00008458        0x0 ../cpu_anemometre_bsp/\libhal_bsp.a(alt_printf.o)
 .bss           0x00008458        0x0 ../cpu_anemometre_bsp/\libhal_bsp.a(alt_putchar.o)
 .bss           0x00008458        0x0 ../cpu_anemometre_bsp/\libhal_bsp.a(alt_putstr.o)
 .bss           0x00008458        0x0 ../cpu_anemometre_bsp/\libhal_bsp.a(alt_sys_init.o)
 .bss           0x00008458        0x0 ../cpu_anemometre_bsp/\libhal_bsp.a(altera_avalon_jtag_uart_write.o)
 .bss           0x00008458        0x0 ../cpu_anemometre_bsp/\libhal_bsp.a(alt_dcache_flush_all.o)
 .bss           0x00008458        0x0 ../cpu_anemometre_bsp/\libhal_bsp.a(alt_icache_flush_all.o)
 .bss           0x00008458        0x0 ../cpu_anemometre_bsp/\libhal_bsp.a(altera_nios2_irq.o)
 .bss           0x00008458        0x0 c:/altera/11.1sp2/nios2eds/bin/gnu/h-i686-mingw32/bin/../lib/gcc/nios2-elf/4.1.2/../../../../nios2-elf/lib/mno-hw-mul\libsmallc.a(lib_a-strlen.o)
 *(COMMON)
                0x00008458                . = ALIGN (0x4)
                0x00008458                __bss_end = ABSOLUTE (.)

.sram           0x00008458        0x0
                0x00008458                PROVIDE (_alt_partition_sram_start, ABSOLUTE (.))
 *(.sram. sram.*)
                0x00008458                . = ALIGN (0x4)
                0x00008458                PROVIDE (_alt_partition_sram_end, ABSOLUTE (.))
                0x00008458                _end = ABSOLUTE (.)
                0x00008458                end = ABSOLUTE (.)
                0x00008458                __alt_stack_base = ABSOLUTE (.)
                0x00008458                PROVIDE (_alt_partition_sram_load_addr, LOADADDR (.sram))

.stab
 *(.stab)

.stabstr
 *(.stabstr)

.stab.excl
 *(.stab.excl)

.stab.exclstr
 *(.stab.exclstr)

.stab.index
 *(.stab.index)

.stab.indexstr
 *(.stab.indexstr)

.comment        0x00000000       0x26
 *(.comment)
 .comment       0x00000000       0x26 obj/default/hello_world_small.o
                                 0x27 (size before relaxing)
 .comment       0x00000000       0x27 ../cpu_anemometre_bsp/\libhal_bsp.a(alt_load.o)
 .comment       0x00000000       0x27 ../cpu_anemometre_bsp/\libhal_bsp.a(alt_main.o)
 .comment       0x00000000       0x27 ../cpu_anemometre_bsp/\libhal_bsp.a(alt_printf.o)
 .comment       0x00000000       0x27 ../cpu_anemometre_bsp/\libhal_bsp.a(alt_putchar.o)
 .comment       0x00000000       0x27 ../cpu_anemometre_bsp/\libhal_bsp.a(alt_putstr.o)
 .comment       0x00000000       0x27 ../cpu_anemometre_bsp/\libhal_bsp.a(alt_sys_init.o)
 .comment       0x00000000       0x27 ../cpu_anemometre_bsp/\libhal_bsp.a(altera_avalon_jtag_uart_write.o)
 .comment       0x00000000       0x27 ../cpu_anemometre_bsp/\libhal_bsp.a(alt_dcache_flush_all.o)
 .comment       0x00000000       0x27 ../cpu_anemometre_bsp/\libhal_bsp.a(alt_icache_flush_all.o)
 .comment       0x00000000       0x27 ../cpu_anemometre_bsp/\libhal_bsp.a(altera_nios2_irq.o)
 .comment       0x00000000       0x27 c:/altera/11.1sp2/nios2eds/bin/gnu/h-i686-mingw32/bin/../lib/gcc/nios2-elf/4.1.2/../../../../nios2-elf/lib/mno-hw-mul\libsmallc.a(lib_a-strlen.o)

.debug
 *(.debug)

.line
 *(.line)

.debug_srcinfo
 *(.debug_srcinfo)

.debug_sfnames
 *(.debug_sfnames)

.debug_aranges  0x00000000      0x1a8
 *(.debug_aranges)
 .debug_aranges
                0x00000000       0x28 ../cpu_anemometre_bsp//obj/HAL/src/crt0.o
 .debug_aranges
                0x00000028       0x20 obj/default/hello_world_small.o
 .debug_aranges
                0x00000048       0x20 ../cpu_anemometre_bsp/\libhal_bsp.a(alt_load.o)
 .debug_aranges
                0x00000068       0x20 ../cpu_anemometre_bsp/\libhal_bsp.a(alt_main.o)
 .debug_aranges
                0x00000088       0x20 ../cpu_anemometre_bsp/\libhal_bsp.a(alt_printf.o)
 .debug_aranges
                0x000000a8       0x20 ../cpu_anemometre_bsp/\libhal_bsp.a(alt_putchar.o)
 .debug_aranges
                0x000000c8       0x20 ../cpu_anemometre_bsp/\libhal_bsp.a(alt_putstr.o)
 .debug_aranges
                0x000000e8       0x20 ../cpu_anemometre_bsp/\libhal_bsp.a(alt_sys_init.o)
 .debug_aranges
                0x00000108       0x20 ../cpu_anemometre_bsp/\libhal_bsp.a(altera_avalon_jtag_uart_write.o)
 .debug_aranges
                0x00000128       0x20 ../cpu_anemometre_bsp/\libhal_bsp.a(alt_dcache_flush_all.o)
 .debug_aranges
                0x00000148       0x20 ../cpu_anemometre_bsp/\libhal_bsp.a(alt_icache_flush_all.o)
 .debug_aranges
                0x00000168       0x20 ../cpu_anemometre_bsp/\libhal_bsp.a(altera_nios2_irq.o)
 .debug_aranges
                0x00000188       0x20 c:/altera/11.1sp2/nios2eds/bin/gnu/h-i686-mingw32/bin/../lib/gcc/nios2-elf/4.1.2/../../../../nios2-elf/lib/mno-hw-mul\libsmallc.a(lib_a-strlen.o)

.debug_pubnames
                0x00000000      0x1fb
 *(.debug_pubnames)
 .debug_pubnames
                0x00000000       0x1b obj/default/hello_world_small.o
 .debug_pubnames
                0x0000001b       0x1f ../cpu_anemometre_bsp/\libhal_bsp.a(alt_load.o)
 .debug_pubnames
                0x0000003a       0x46 ../cpu_anemometre_bsp/\libhal_bsp.a(alt_main.o)
 .debug_pubnames
                0x00000080       0x21 ../cpu_anemometre_bsp/\libhal_bsp.a(alt_printf.o)
 .debug_pubnames
                0x000000a1       0x22 ../cpu_anemometre_bsp/\libhal_bsp.a(alt_putchar.o)
 .debug_pubnames
                0x000000c3       0x21 ../cpu_anemometre_bsp/\libhal_bsp.a(alt_putstr.o)
 .debug_pubnames
                0x000000e4       0x44 ../cpu_anemometre_bsp/\libhal_bsp.a(alt_sys_init.o)
 .debug_pubnames
                0x00000128       0x34 ../cpu_anemometre_bsp/\libhal_bsp.a(altera_avalon_jtag_uart_write.o)
 .debug_pubnames
                0x0000015c       0x2b ../cpu_anemometre_bsp/\libhal_bsp.a(alt_dcache_flush_all.o)
 .debug_pubnames
                0x00000187       0x2b ../cpu_anemometre_bsp/\libhal_bsp.a(alt_icache_flush_all.o)
 .debug_pubnames
                0x000001b2       0x2c ../cpu_anemometre_bsp/\libhal_bsp.a(altera_nios2_irq.o)
 .debug_pubnames
                0x000001de       0x1d c:/altera/11.1sp2/nios2eds/bin/gnu/h-i686-mingw32/bin/../lib/gcc/nios2-elf/4.1.2/../../../../nios2-elf/lib/mno-hw-mul\libsmallc.a(lib_a-strlen.o)

.debug_info     0x00000000      0xba1
 *(.debug_info .gnu.linkonce.wi.*)
 .debug_info    0x00000000       0x89 ../cpu_anemometre_bsp//obj/HAL/src/crt0.o
 .debug_info    0x00000089       0xa9 obj/default/hello_world_small.o
 .debug_info    0x00000132      0x12e ../cpu_anemometre_bsp/\libhal_bsp.a(alt_load.o)
 .debug_info    0x00000260      0x125 ../cpu_anemometre_bsp/\libhal_bsp.a(alt_main.o)
 .debug_info    0x00000385      0x11d ../cpu_anemometre_bsp/\libhal_bsp.a(alt_printf.o)
 .debug_info    0x000004a2       0xc5 ../cpu_anemometre_bsp/\libhal_bsp.a(alt_putchar.o)
 .debug_info    0x00000567       0xc5 ../cpu_anemometre_bsp/\libhal_bsp.a(alt_putstr.o)
 .debug_info    0x0000062c      0x17d ../cpu_anemometre_bsp/\libhal_bsp.a(alt_sys_init.o)
 .debug_info    0x000007a9      0x18f ../cpu_anemometre_bsp/\libhal_bsp.a(altera_avalon_jtag_uart_write.o)
 .debug_info    0x00000938       0x8d ../cpu_anemometre_bsp/\libhal_bsp.a(alt_dcache_flush_all.o)
 .debug_info    0x000009c5       0x8d ../cpu_anemometre_bsp/\libhal_bsp.a(alt_icache_flush_all.o)
 .debug_info    0x00000a52       0x8d ../cpu_anemometre_bsp/\libhal_bsp.a(altera_nios2_irq.o)
 .debug_info    0x00000adf       0xc2 c:/altera/11.1sp2/nios2eds/bin/gnu/h-i686-mingw32/bin/../lib/gcc/nios2-elf/4.1.2/../../../../nios2-elf/lib/mno-hw-mul\libsmallc.a(lib_a-strlen.o)

.debug_abbrev   0x00000000      0x663
 *(.debug_abbrev)
 .debug_abbrev  0x00000000       0x12 ../cpu_anemometre_bsp//obj/HAL/src/crt0.o
 .debug_abbrev  0x00000012       0x4c obj/default/hello_world_small.o
 .debug_abbrev  0x0000005e       0x97 ../cpu_anemometre_bsp/\libhal_bsp.a(alt_load.o)
 .debug_abbrev  0x000000f5       0xa6 ../cpu_anemometre_bsp/\libhal_bsp.a(alt_main.o)
 .debug_abbrev  0x0000019b       0xc7 ../cpu_anemometre_bsp/\libhal_bsp.a(alt_printf.o)
 .debug_abbrev  0x00000262       0x7b ../cpu_anemometre_bsp/\libhal_bsp.a(alt_putchar.o)
 .debug_abbrev  0x000002dd       0x7c ../cpu_anemometre_bsp/\libhal_bsp.a(alt_putstr.o)
 .debug_abbrev  0x00000359       0xe3 ../cpu_anemometre_bsp/\libhal_bsp.a(alt_sys_init.o)
 .debug_abbrev  0x0000043c       0xf0 ../cpu_anemometre_bsp/\libhal_bsp.a(altera_avalon_jtag_uart_write.o)
 .debug_abbrev  0x0000052c       0x3f ../cpu_anemometre_bsp/\libhal_bsp.a(alt_dcache_flush_all.o)
 .debug_abbrev  0x0000056b       0x3f ../cpu_anemometre_bsp/\libhal_bsp.a(alt_icache_flush_all.o)
 .debug_abbrev  0x000005aa       0x3f ../cpu_anemometre_bsp/\libhal_bsp.a(altera_nios2_irq.o)
 .debug_abbrev  0x000005e9       0x7a c:/altera/11.1sp2/nios2eds/bin/gnu/h-i686-mingw32/bin/../lib/gcc/nios2-elf/4.1.2/../../../../nios2-elf/lib/mno-hw-mul\libsmallc.a(lib_a-strlen.o)

.debug_line     0x00000000     0x1a2d
 *(.debug_line)
 .debug_line    0x00000000       0x66 ../cpu_anemometre_bsp//obj/HAL/src/crt0.o
 .debug_line    0x00000066      0x234 obj/default/hello_world_small.o
 .debug_line    0x0000029a      0x217 ../cpu_anemometre_bsp/\libhal_bsp.a(alt_load.o)
 .debug_line    0x000004b1      0x2c2 ../cpu_anemometre_bsp/\libhal_bsp.a(alt_main.o)
 .debug_line    0x00000773      0x1f2 ../cpu_anemometre_bsp/\libhal_bsp.a(alt_printf.o)
 .debug_line    0x00000965      0x1f2 ../cpu_anemometre_bsp/\libhal_bsp.a(alt_putchar.o)
 .debug_line    0x00000b57      0x1d9 ../cpu_anemometre_bsp/\libhal_bsp.a(alt_putstr.o)
 .debug_line    0x00000d30      0x286 ../cpu_anemometre_bsp/\libhal_bsp.a(alt_sys_init.o)
 .debug_line    0x00000fb6      0x2f4 ../cpu_anemometre_bsp/\libhal_bsp.a(altera_avalon_jtag_uart_write.o)
 .debug_line    0x000012aa      0x1b5 ../cpu_anemometre_bsp/\libhal_bsp.a(alt_dcache_flush_all.o)
 .debug_line    0x0000145f      0x1b5 ../cpu_anemometre_bsp/\libhal_bsp.a(alt_icache_flush_all.o)
 .debug_line    0x00001614      0x1c9 ../cpu_anemometre_bsp/\libhal_bsp.a(altera_nios2_irq.o)
 .debug_line    0x000017dd      0x250 c:/altera/11.1sp2/nios2eds/bin/gnu/h-i686-mingw32/bin/../lib/gcc/nios2-elf/4.1.2/../../../../nios2-elf/lib/mno-hw-mul\libsmallc.a(lib_a-strlen.o)

.debug_frame    0x00000000      0x1e0
 *(.debug_frame)
 .debug_frame   0x00000000       0x28 obj/default/hello_world_small.o
 .debug_frame   0x00000028       0x38 ../cpu_anemometre_bsp/\libhal_bsp.a(alt_load.o)
 .debug_frame   0x00000060       0x28 ../cpu_anemometre_bsp/\libhal_bsp.a(alt_main.o)
 .debug_frame   0x00000088       0x2c ../cpu_anemometre_bsp/\libhal_bsp.a(alt_printf.o)
 .debug_frame   0x000000b4       0x2c ../cpu_anemometre_bsp/\libhal_bsp.a(alt_putchar.o)
 .debug_frame   0x000000e0       0x28 ../cpu_anemometre_bsp/\libhal_bsp.a(alt_putstr.o)
 .debug_frame   0x00000108       0x38 ../cpu_anemometre_bsp/\libhal_bsp.a(alt_sys_init.o)
 .debug_frame   0x00000140       0x20 ../cpu_anemometre_bsp/\libhal_bsp.a(altera_avalon_jtag_uart_write.o)
 .debug_frame   0x00000160       0x20 ../cpu_anemometre_bsp/\libhal_bsp.a(alt_dcache_flush_all.o)
 .debug_frame   0x00000180       0x20 ../cpu_anemometre_bsp/\libhal_bsp.a(alt_icache_flush_all.o)
 .debug_frame   0x000001a0       0x20 ../cpu_anemometre_bsp/\libhal_bsp.a(altera_nios2_irq.o)
 .debug_frame   0x000001c0       0x20 c:/altera/11.1sp2/nios2eds/bin/gnu/h-i686-mingw32/bin/../lib/gcc/nios2-elf/4.1.2/../../../../nios2-elf/lib/mno-hw-mul\libsmallc.a(lib_a-strlen.o)

.debug_str      0x00000000      0x5ab
 *(.debug_str)
 .debug_str     0x00000000       0xdc obj/default/hello_world_small.o
                                0x11a (size before relaxing)
 .debug_str     0x000000dc      0x149 ../cpu_anemometre_bsp/\libhal_bsp.a(alt_load.o)
                                0x1de (size before relaxing)
 .debug_str     0x00000225       0x75 ../cpu_anemometre_bsp/\libhal_bsp.a(alt_main.o)
                                0x162 (size before relaxing)
 .debug_str     0x0000029a       0x46 ../cpu_anemometre_bsp/\libhal_bsp.a(alt_printf.o)
                                 0xc9 (size before relaxing)
 .debug_str     0x000002e0       0x4e ../cpu_anemometre_bsp/\libhal_bsp.a(alt_putchar.o)
                                0x13b (size before relaxing)
 .debug_str     0x0000032e       0x20 ../cpu_anemometre_bsp/\libhal_bsp.a(alt_putstr.o)
                                0x139 (size before relaxing)
 .debug_str     0x0000034e       0x85 ../cpu_anemometre_bsp/\libhal_bsp.a(alt_sys_init.o)
                                0x1d7 (size before relaxing)
 .debug_str     0x000003d3       0x56 ../cpu_anemometre_bsp/\libhal_bsp.a(altera_avalon_jtag_uart_write.o)
                                0x1da (size before relaxing)
 .debug_str     0x00000429       0x34 ../cpu_anemometre_bsp/\libhal_bsp.a(alt_dcache_flush_all.o)
                                0x121 (size before relaxing)
 .debug_str     0x0000045d       0x34 ../cpu_anemometre_bsp/\libhal_bsp.a(alt_icache_flush_all.o)
                                0x121 (size before relaxing)
 .debug_str     0x00000491       0x31 ../cpu_anemometre_bsp/\libhal_bsp.a(altera_nios2_irq.o)
                                0x11e (size before relaxing)
 .debug_str     0x000004c2       0xe9 c:/altera/11.1sp2/nios2eds/bin/gnu/h-i686-mingw32/bin/../lib/gcc/nios2-elf/4.1.2/../../../../nios2-elf/lib/mno-hw-mul\libsmallc.a(lib_a-strlen.o)
                                0x184 (size before relaxing)

.debug_loc      0x00000000      0x2cd
 *(.debug_loc)
 .debug_loc     0x00000000       0x1f obj/default/hello_world_small.o
 .debug_loc     0x0000001f       0x1f ../cpu_anemometre_bsp/\libhal_bsp.a(alt_load.o)
 .debug_loc     0x0000003e       0x1f ../cpu_anemometre_bsp/\libhal_bsp.a(alt_main.o)
 .debug_loc     0x0000005d      0x175 ../cpu_anemometre_bsp/\libhal_bsp.a(alt_printf.o)
 .debug_loc     0x000001d2       0x3d ../cpu_anemometre_bsp/\libhal_bsp.a(alt_putchar.o)
 .debug_loc     0x0000020f       0x48 ../cpu_anemometre_bsp/\libhal_bsp.a(alt_putstr.o)
 .debug_loc     0x00000257       0x32 ../cpu_anemometre_bsp/\libhal_bsp.a(alt_sys_init.o)
 .debug_loc     0x00000289       0x26 ../cpu_anemometre_bsp/\libhal_bsp.a(altera_avalon_jtag_uart_write.o)
 .debug_loc     0x000002af       0x1e c:/altera/11.1sp2/nios2eds/bin/gnu/h-i686-mingw32/bin/../lib/gcc/nios2-elf/4.1.2/../../../../nios2-elf/lib/mno-hw-mul\libsmallc.a(lib_a-strlen.o)

.debug_macinfo
 *(.debug_macinfo)

.debug_weaknames
 *(.debug_weaknames)

.debug_funcnames
 *(.debug_funcnames)

.debug_typenames
 *(.debug_typenames)

.debug_varnames
 *(.debug_varnames)

.debug_alt_sim_info
                0x00000000       0x10
 *(.debug_alt_sim_info)
 .debug_alt_sim_info
                0x00000000       0x10 ../cpu_anemometre_bsp//obj/HAL/src/crt0.o
                0x0000ce20                __alt_data_end = 0xce20
                0x0000ce20                PROVIDE (__alt_stack_pointer, __alt_data_end)
                0x00008458                PROVIDE (__alt_stack_limit, __alt_stack_base)
                0x00008458                PROVIDE (__alt_heap_start, end)
                0x0000ce20                PROVIDE (__alt_heap_limit, 0xce20)
OUTPUT(cpu_anemometre.elf elf32-littlenios2)

.debug_ranges   0x00000000       0x20
 .debug_ranges  0x00000000       0x20 ../cpu_anemometre_bsp//obj/HAL/src/crt0.o
