Analysis & Synthesis report for NMEA_reception_avalon
Thu Dec 17 00:20:55 2020
Quartus II 32-bit Version 11.1 Build 259 01/25/2012 Service Pack 2 SJ Web Edition


---------------------
; Table of Contents ;
---------------------
  1. Legal Notice
  2. Analysis & Synthesis Summary
  3. Analysis & Synthesis Settings
  4. Parallel Compilation
  5. Analysis & Synthesis Source Files Read
  6. Analysis & Synthesis Resource Usage Summary
  7. Analysis & Synthesis Resource Utilization by Entity
  8. General Register Statistics
  9. Multiplexer Restructuring Statistics (Restructuring Performed)
 10. Port Connectivity Checks: "cmd_reception:C1|prediv_4800Hz:C2"
 11. Port Connectivity Checks: "cmd_reception:C1|prediv_1s:C1"
 12. Port Connectivity Checks: "cmd_reception:C1"
 13. Elapsed Time Per Partition
 14. Analysis & Synthesis Messages



----------------
; Legal Notice ;
----------------
Copyright (C) 1991-2011 Altera Corporation
Your use of Altera Corporation's design tools, logic functions 
and other software and tools, and its AMPP partner logic 
functions, and any output files from any of the foregoing 
(including device programming or simulation files), and any 
associated documentation or information are expressly subject 
to the terms and conditions of the Altera Program License 
Subscription Agreement, Altera MegaCore Function License 
Agreement, or other applicable license agreement, including, 
without limitation, that your use is for the sole purpose of 
programming logic devices manufactured by Altera and sold by 
Altera or its authorized distributors.  Please refer to the 
applicable agreement for further details.



+------------------------------------------------------------------------------------+
; Analysis & Synthesis Summary                                                       ;
+------------------------------------+-----------------------------------------------+
; Analysis & Synthesis Status        ; Successful - Thu Dec 17 00:20:55 2020         ;
; Quartus II 32-bit Version          ; 11.1 Build 259 01/25/2012 SP 2 SJ Web Edition ;
; Revision Name                      ; NMEA_reception_avalon                         ;
; Top-level Entity Name              ; NMEA_reception_avalon                         ;
; Family                             ; Cyclone IV E                                  ;
; Total logic elements               ; 8                                             ;
;     Total combinational functions  ; 5                                             ;
;     Dedicated logic registers      ; 3                                             ;
; Total registers                    ; 3                                             ;
; Total pins                         ; 39                                            ;
; Total virtual pins                 ; 0                                             ;
; Total memory bits                  ; 0                                             ;
; Embedded Multiplier 9-bit elements ; 0                                             ;
; Total PLLs                         ; 0                                             ;
+------------------------------------+-----------------------------------------------+


+----------------------------------------------------------------------------------------------------------------------------+
; Analysis & Synthesis Settings                                                                                              ;
+----------------------------------------------------------------------------+-----------------------+-----------------------+
; Option                                                                     ; Setting               ; Default Value         ;
+----------------------------------------------------------------------------+-----------------------+-----------------------+
; Device                                                                     ; EP4CE22F17C6          ;                       ;
; Top-level entity name                                                      ; NMEA_reception_avalon ; NMEA_reception_avalon ;
; Family name                                                                ; Cyclone IV E          ; Cyclone IV GX         ;
; Use smart compilation                                                      ; Off                   ; Off                   ;
; Enable parallel Assembler and TimeQuest Timing Analyzer during compilation ; On                    ; On                    ;
; Enable compact report table                                                ; Off                   ; Off                   ;
; Restructure Multiplexers                                                   ; Auto                  ; Auto                  ;
; Create Debugging Nodes for IP Cores                                        ; Off                   ; Off                   ;
; Preserve fewer node names                                                  ; On                    ; On                    ;
; Disable OpenCore Plus hardware evaluation                                  ; Off                   ; Off                   ;
; Verilog Version                                                            ; Verilog_2001          ; Verilog_2001          ;
; VHDL Version                                                               ; VHDL_1993             ; VHDL_1993             ;
; State Machine Processing                                                   ; Auto                  ; Auto                  ;
; Safe State Machine                                                         ; Off                   ; Off                   ;
; Extract Verilog State Machines                                             ; On                    ; On                    ;
; Extract VHDL State Machines                                                ; On                    ; On                    ;
; Ignore Verilog initial constructs                                          ; Off                   ; Off                   ;
; Iteration limit for constant Verilog loops                                 ; 5000                  ; 5000                  ;
; Iteration limit for non-constant Verilog loops                             ; 250                   ; 250                   ;
; Add Pass-Through Logic to Inferred RAMs                                    ; On                    ; On                    ;
; Infer RAMs from Raw Logic                                                  ; On                    ; On                    ;
; Parallel Synthesis                                                         ; On                    ; On                    ;
; DSP Block Balancing                                                        ; Auto                  ; Auto                  ;
; NOT Gate Push-Back                                                         ; On                    ; On                    ;
; Power-Up Don't Care                                                        ; On                    ; On                    ;
; Remove Redundant Logic Cells                                               ; Off                   ; Off                   ;
; Remove Duplicate Registers                                                 ; On                    ; On                    ;
; Ignore CARRY Buffers                                                       ; Off                   ; Off                   ;
; Ignore CASCADE Buffers                                                     ; Off                   ; Off                   ;
; Ignore GLOBAL Buffers                                                      ; Off                   ; Off                   ;
; Ignore ROW GLOBAL Buffers                                                  ; Off                   ; Off                   ;
; Ignore LCELL Buffers                                                       ; Off                   ; Off                   ;
; Ignore SOFT Buffers                                                        ; On                    ; On                    ;
; Limit AHDL Integers to 32 Bits                                             ; Off                   ; Off                   ;
; Optimization Technique                                                     ; Balanced              ; Balanced              ;
; Carry Chain Length                                                         ; 70                    ; 70                    ;
; Auto Carry Chains                                                          ; On                    ; On                    ;
; Auto Open-Drain Pins                                                       ; On                    ; On                    ;
; Perform WYSIWYG Primitive Resynthesis                                      ; Off                   ; Off                   ;
; Auto ROM Replacement                                                       ; On                    ; On                    ;
; Auto RAM Replacement                                                       ; On                    ; On                    ;
; Auto DSP Block Replacement                                                 ; On                    ; On                    ;
; Auto Shift Register Replacement                                            ; Auto                  ; Auto                  ;
; Allow Shift Register Merging across Hierarchies                            ; Auto                  ; Auto                  ;
; Auto Clock Enable Replacement                                              ; On                    ; On                    ;
; Strict RAM Replacement                                                     ; Off                   ; Off                   ;
; Allow Synchronous Control Signals                                          ; On                    ; On                    ;
; Force Use of Synchronous Clear Signals                                     ; Off                   ; Off                   ;
; Auto RAM Block Balancing                                                   ; On                    ; On                    ;
; Auto RAM to Logic Cell Conversion                                          ; Off                   ; Off                   ;
; Auto Resource Sharing                                                      ; Off                   ; Off                   ;
; Allow Any RAM Size For Recognition                                         ; Off                   ; Off                   ;
; Allow Any ROM Size For Recognition                                         ; Off                   ; Off                   ;
; Allow Any Shift Register Size For Recognition                              ; Off                   ; Off                   ;
; Use LogicLock Constraints during Resource Balancing                        ; On                    ; On                    ;
; Ignore translate_off and synthesis_off directives                          ; Off                   ; Off                   ;
; Timing-Driven Synthesis                                                    ; On                    ; On                    ;
; Report Parameter Settings                                                  ; On                    ; On                    ;
; Report Source Assignments                                                  ; On                    ; On                    ;
; Report Connectivity Checks                                                 ; On                    ; On                    ;
; Ignore Maximum Fan-Out Assignments                                         ; Off                   ; Off                   ;
; Synchronization Register Chain Length                                      ; 3                     ; 3                     ;
; PowerPlay Power Optimization                                               ; Normal compilation    ; Normal compilation    ;
; HDL message level                                                          ; Level2                ; Level2                ;
; Suppress Register Optimization Related Messages                            ; Off                   ; Off                   ;
; Number of Removed Registers Reported in Synthesis Report                   ; 5000                  ; 5000                  ;
; Number of Inverted Registers Reported in Synthesis Report                  ; 100                   ; 100                   ;
; Clock MUX Protection                                                       ; On                    ; On                    ;
; Auto Gated Clock Conversion                                                ; Off                   ; Off                   ;
; Block Design Naming                                                        ; Auto                  ; Auto                  ;
; SDC constraint protection                                                  ; Off                   ; Off                   ;
; Synthesis Effort                                                           ; Auto                  ; Auto                  ;
; Shift Register Replacement - Allow Asynchronous Clear Signal               ; On                    ; On                    ;
; Analysis & Synthesis Message Level                                         ; Medium                ; Medium                ;
; Disable Register Merging Across Hierarchies                                ; Auto                  ; Auto                  ;
; Resource Aware Inference For Block RAM                                     ; On                    ; On                    ;
; Synthesis Seed                                                             ; 1                     ; 1                     ;
+----------------------------------------------------------------------------+-----------------------+-----------------------+


Parallel compilation was disabled, but you have multiple processors available. Enable parallel compilation to reduce compilation time.
+-------------------------------------+
; Parallel Compilation                ;
+----------------------------+--------+
; Processors                 ; Number ;
+----------------------------+--------+
; Number detected on machine ; 4      ;
; Maximum allowed            ; 1      ;
+----------------------------+--------+


+--------------------------------------------------------------------------------------------------------------------------------------------------------------------+
; Analysis & Synthesis Source Files Read                                                                                                                             ;
+----------------------------------+-----------------+-----------------+---------------------------------------------------------------------------------------------+
; File Name with User-Entered Path ; Used in Netlist ; File Type       ; File Name with Absolute Path                                                                ;
+----------------------------------+-----------------+-----------------+---------------------------------------------------------------------------------------------+
; prediv_4800Hz.vhd                ; yes             ; User VHDL File  ; C:/Users/chicken/Desktop/VHDL_BE/BE_Perisse/NMEA_reception_avalon/prediv_4800Hz.vhd         ;
; prediv_1s.vhd                    ; yes             ; User VHDL File  ; C:/Users/chicken/Desktop/VHDL_BE/BE_Perisse/NMEA_reception_avalon/prediv_1s.vhd             ;
; cmd_reception.vhd                ; yes             ; User VHDL File  ; C:/Users/chicken/Desktop/VHDL_BE/BE_Perisse/NMEA_reception_avalon/cmd_reception.vhd         ;
; NMEA_reception_avalon.vhd        ; yes             ; User VHDL File  ; C:/Users/chicken/Desktop/VHDL_BE/BE_Perisse/NMEA_reception_avalon/NMEA_reception_avalon.vhd ;
+----------------------------------+-----------------+-----------------+---------------------------------------------------------------------------------------------+


+----------------------------------------------------------------+
; Analysis & Synthesis Resource Usage Summary                    ;
+---------------------------------------------+------------------+
; Resource                                    ; Usage            ;
+---------------------------------------------+------------------+
; Estimated Total logic elements              ; 8                ;
;                                             ;                  ;
; Total combinational functions               ; 5                ;
; Logic element usage by number of LUT inputs ;                  ;
;     -- 4 input functions                    ; 1                ;
;     -- 3 input functions                    ; 0                ;
;     -- <=2 input functions                  ; 4                ;
;                                             ;                  ;
; Logic elements by mode                      ;                  ;
;     -- normal mode                          ; 5                ;
;     -- arithmetic mode                      ; 0                ;
;                                             ;                  ;
; Total registers                             ; 3                ;
;     -- Dedicated logic registers            ; 3                ;
;     -- I/O registers                        ; 0                ;
;                                             ;                  ;
; I/O pins                                    ; 39               ;
; Maximum fan-out node                        ; address[2]~input ;
; Maximum fan-out                             ; 4                ;
; Total fan-out                               ; 66               ;
; Average fan-out                             ; 0.77             ;
+---------------------------------------------+------------------+


+--------------------------------------------------------------------------------------------------------------------------------------------------------------------------------+
; Analysis & Synthesis Resource Utilization by Entity                                                                                                                            ;
+----------------------------+-------------------+--------------+-------------+--------------+---------+-----------+------+--------------+------------------------+--------------+
; Compilation Hierarchy Node ; LC Combinationals ; LC Registers ; Memory Bits ; DSP Elements ; DSP 9x9 ; DSP 18x18 ; Pins ; Virtual Pins ; Full Hierarchy Name    ; Library Name ;
+----------------------------+-------------------+--------------+-------------+--------------+---------+-----------+------+--------------+------------------------+--------------+
; |NMEA_reception_avalon     ; 5 (5)             ; 3 (3)        ; 0           ; 0            ; 0       ; 0         ; 39   ; 0            ; |NMEA_reception_avalon ;              ;
+----------------------------+-------------------+--------------+-------------+--------------+---------+-----------+------+--------------+------------------------+--------------+
Note: For table entries with two numbers listed, the numbers in parentheses indicate the number of resources of the given type used by the specific entity alone. The numbers listed outside of parentheses indicate the total resources of the given type used by the specific entity and all of its sub-entities in the hierarchy.


+------------------------------------------------------+
; General Register Statistics                          ;
+----------------------------------------------+-------+
; Statistic                                    ; Value ;
+----------------------------------------------+-------+
; Total registers                              ; 3     ;
; Number of registers using Synchronous Clear  ; 0     ;
; Number of registers using Synchronous Load   ; 0     ;
; Number of registers using Asynchronous Clear ; 3     ;
; Number of registers using Asynchronous Load  ; 0     ;
; Number of registers using Clock Enable       ; 3     ;
; Number of registers using Preset             ; 0     ;
+----------------------------------------------+-------+


+-----------------------------------------------------------------------------------------------------------------------------------------------------------+
; Multiplexer Restructuring Statistics (Restructuring Performed)                                                                                            ;
+--------------------+-----------+---------------+----------------------+------------------------+-----------------------------+----------------------------+
; Multiplexer Inputs ; Bus Width ; Baseline Area ; Area if Restructured ; Saving if Restructured ; Registered                  ; Example Multiplexer Output ;
+--------------------+-----------+---------------+----------------------+------------------------+-----------------------------+----------------------------+
; 4:1                ; 3 bits    ; 6 LEs         ; 3 LEs                ; 3 LEs                  ; |NMEA_reception_avalon|Mux3 ;                            ;
+--------------------+-----------+---------------+----------------------+------------------------+-----------------------------+----------------------------+


+-------------------------------------------------------------------------------------------------------------------+
; Port Connectivity Checks: "cmd_reception:C1|prediv_4800Hz:C2"                                                     ;
+---------+--------+----------+-------------------------------------------------------------------------------------+
; Port    ; Type   ; Severity ; Details                                                                             ;
+---------+--------+----------+-------------------------------------------------------------------------------------+
; clk_out ; Output ; Info     ; Connected to dangling logic. Logic that only feeds a dangling port will be removed. ;
+---------+--------+----------+-------------------------------------------------------------------------------------+


+-------------------------------------------------------------------------------------------------------------------+
; Port Connectivity Checks: "cmd_reception:C1|prediv_1s:C1"                                                         ;
+---------+--------+----------+-------------------------------------------------------------------------------------+
; Port    ; Type   ; Severity ; Details                                                                             ;
+---------+--------+----------+-------------------------------------------------------------------------------------+
; clk_out ; Output ; Info     ; Connected to dangling logic. Logic that only feeds a dangling port will be removed. ;
+---------+--------+----------+-------------------------------------------------------------------------------------+


+----------------------------------------------------------------------------------------------------------------------+
; Port Connectivity Checks: "cmd_reception:C1"                                                                         ;
+------------+--------+----------+-------------------------------------------------------------------------------------+
; Port       ; Type   ; Severity ; Details                                                                             ;
+------------+--------+----------+-------------------------------------------------------------------------------------+
; data_valid ; Output ; Info     ; Connected to dangling logic. Logic that only feeds a dangling port will be removed. ;
+------------+--------+----------+-------------------------------------------------------------------------------------+


+-------------------------------+
; Elapsed Time Per Partition    ;
+----------------+--------------+
; Partition Name ; Elapsed Time ;
+----------------+--------------+
; Top            ; 00:00:00     ;
+----------------+--------------+


+-------------------------------+
; Analysis & Synthesis Messages ;
+-------------------------------+
Info: *******************************************************************
Info: Running Quartus II 32-bit Analysis & Synthesis
    Info: Version 11.1 Build 259 01/25/2012 Service Pack 2 SJ Web Edition
    Info: Processing started: Thu Dec 17 00:20:53 2020
Info: Command: quartus_map --read_settings_files=on --write_settings_files=off NMEA_reception_avalon -c NMEA_reception_avalon
Warning (20028): Parallel compilation is not licensed and has been disabled
Info (12021): Found 2 design units, including 1 entities, in source file prediv_4800hz.vhd
    Info (12022): Found design unit 1: prediv_4800Hz-ar
    Info (12023): Found entity 1: prediv_4800Hz
Info (12021): Found 2 design units, including 1 entities, in source file prediv_1s.vhd
    Info (12022): Found design unit 1: prediv_1s-ar
    Info (12023): Found entity 1: prediv_1s
Info (12021): Found 2 design units, including 1 entities, in source file cmd_reception.vhd
    Info (12022): Found design unit 1: cmd_reception-ar
    Info (12023): Found entity 1: cmd_reception
Info (12021): Found 2 design units, including 1 entities, in source file nmea_reception_avalon.vhd
    Info (12022): Found design unit 1: NMEA_reception_avalon-ar
    Info (12023): Found entity 1: NMEA_reception_avalon
Info (12127): Elaborating entity "NMEA_reception_avalon" for the top level hierarchy
Warning (10541): VHDL Signal Declaration warning at NMEA_reception_avalon.vhd(30): used implicit default value for signal "in_trame" because signal was never assigned a value or an explicit default value. Use of implicit default value may introduce unintended design optimizations.
Warning (10036): Verilog HDL or VHDL warning at NMEA_reception_avalon.vhd(30): object "data_valid" assigned a value but never read
Warning (10492): VHDL Process Statement warning at NMEA_reception_avalon.vhd(57): signal "S" is read inside the Process Statement but isn't in the Process Statement's sensitivity list
Warning (10492): VHDL Process Statement warning at NMEA_reception_avalon.vhd(58): signal "C" is read inside the Process Statement but isn't in the Process Statement's sensitivity list
Warning (10492): VHDL Process Statement warning at NMEA_reception_avalon.vhd(59): signal "D" is read inside the Process Statement but isn't in the Process Statement's sensitivity list
Warning (10492): VHDL Process Statement warning at NMEA_reception_avalon.vhd(60): signal "U" is read inside the Process Statement but isn't in the Process Statement's sensitivity list
Info (12128): Elaborating entity "cmd_reception" for hierarchy "cmd_reception:C1"
Warning (10541): VHDL Signal Declaration warning at cmd_reception.vhd(12): used implicit default value for signal "S" because signal was never assigned a value or an explicit default value. Use of implicit default value may introduce unintended design optimizations.
Warning (10541): VHDL Signal Declaration warning at cmd_reception.vhd(12): used implicit default value for signal "C" because signal was never assigned a value or an explicit default value. Use of implicit default value may introduce unintended design optimizations.
Warning (10541): VHDL Signal Declaration warning at cmd_reception.vhd(12): used implicit default value for signal "D" because signal was never assigned a value or an explicit default value. Use of implicit default value may introduce unintended design optimizations.
Warning (10541): VHDL Signal Declaration warning at cmd_reception.vhd(12): used implicit default value for signal "U" because signal was never assigned a value or an explicit default value. Use of implicit default value may introduce unintended design optimizations.
Warning (10036): Verilog HDL or VHDL warning at cmd_reception.vhd(19): object "trame_data" assigned a value but never read
Warning (10036): Verilog HDL or VHDL warning at cmd_reception.vhd(20): object "clk_4800" assigned a value but never read
Warning (10036): Verilog HDL or VHDL warning at cmd_reception.vhd(20): object "sec" assigned a value but never read
Warning (10492): VHDL Process Statement warning at cmd_reception.vhd(51): signal "mode" is read inside the Process Statement but isn't in the Process Statement's sensitivity list
Warning (10492): VHDL Process Statement warning at cmd_reception.vhd(52): signal "in_trame" is read inside the Process Statement but isn't in the Process Statement's sensitivity list
Warning (10492): VHDL Process Statement warning at cmd_reception.vhd(55): signal "in_trame" is read inside the Process Statement but isn't in the Process Statement's sensitivity list
Warning (10492): VHDL Process Statement warning at cmd_reception.vhd(58): signal "in_trame" is read inside the Process Statement but isn't in the Process Statement's sensitivity list
Warning (10492): VHDL Process Statement warning at cmd_reception.vhd(59): signal "in_trame" is read inside the Process Statement but isn't in the Process Statement's sensitivity list
Warning (10492): VHDL Process Statement warning at cmd_reception.vhd(65): signal "start_stop" is read inside the Process Statement but isn't in the Process Statement's sensitivity list
Warning (10492): VHDL Process Statement warning at cmd_reception.vhd(66): signal "start_stop" is read inside the Process Statement but isn't in the Process Statement's sensitivity list
Warning (10631): VHDL Process Statement warning at cmd_reception.vhd(41): inferring latch(es) for signal or variable "trame_v", which holds its previous value in one or more paths through the process
Warning (10631): VHDL Process Statement warning at cmd_reception.vhd(41): inferring latch(es) for signal or variable "depart", which holds its previous value in one or more paths through the process
Warning (10631): VHDL Process Statement warning at cmd_reception.vhd(41): inferring latch(es) for signal or variable "cpt", which holds its previous value in one or more paths through the process
Warning (10631): VHDL Process Statement warning at cmd_reception.vhd(41): inferring latch(es) for signal or variable "data_valid", which holds its previous value in one or more paths through the process
Info (10041): Inferred latch for "data_valid" at cmd_reception.vhd(41)
Info (10041): Inferred latch for "cpt[0]" at cmd_reception.vhd(49)
Info (10041): Inferred latch for "cpt[1]" at cmd_reception.vhd(49)
Info (10041): Inferred latch for "cpt[2]" at cmd_reception.vhd(49)
Info (10041): Inferred latch for "cpt[3]" at cmd_reception.vhd(49)
Info (10041): Inferred latch for "cpt[4]" at cmd_reception.vhd(49)
Info (10041): Inferred latch for "cpt[5]" at cmd_reception.vhd(49)
Info (10041): Inferred latch for "cpt[6]" at cmd_reception.vhd(49)
Info (10041): Inferred latch for "cpt[7]" at cmd_reception.vhd(49)
Info (10041): Inferred latch for "cpt[8]" at cmd_reception.vhd(49)
Info (10041): Inferred latch for "cpt[9]" at cmd_reception.vhd(49)
Info (10041): Inferred latch for "cpt[10]" at cmd_reception.vhd(49)
Info (10041): Inferred latch for "cpt[11]" at cmd_reception.vhd(49)
Info (10041): Inferred latch for "cpt[12]" at cmd_reception.vhd(49)
Info (10041): Inferred latch for "cpt[13]" at cmd_reception.vhd(49)
Info (10041): Inferred latch for "cpt[14]" at cmd_reception.vhd(49)
Info (10041): Inferred latch for "cpt[15]" at cmd_reception.vhd(49)
Info (10041): Inferred latch for "cpt[16]" at cmd_reception.vhd(49)
Info (10041): Inferred latch for "cpt[17]" at cmd_reception.vhd(49)
Info (10041): Inferred latch for "cpt[18]" at cmd_reception.vhd(49)
Info (10041): Inferred latch for "cpt[19]" at cmd_reception.vhd(49)
Info (10041): Inferred latch for "cpt[20]" at cmd_reception.vhd(49)
Info (10041): Inferred latch for "cpt[21]" at cmd_reception.vhd(49)
Info (10041): Inferred latch for "cpt[22]" at cmd_reception.vhd(49)
Info (10041): Inferred latch for "cpt[23]" at cmd_reception.vhd(49)
Info (10041): Inferred latch for "cpt[24]" at cmd_reception.vhd(49)
Info (10041): Inferred latch for "cpt[25]" at cmd_reception.vhd(49)
Info (10041): Inferred latch for "cpt[26]" at cmd_reception.vhd(49)
Info (10041): Inferred latch for "cpt[27]" at cmd_reception.vhd(49)
Info (10041): Inferred latch for "cpt[28]" at cmd_reception.vhd(49)
Info (10041): Inferred latch for "cpt[29]" at cmd_reception.vhd(49)
Info (10041): Inferred latch for "cpt[30]" at cmd_reception.vhd(49)
Info (10041): Inferred latch for "cpt[31]" at cmd_reception.vhd(49)
Info (10041): Inferred latch for "depart" at cmd_reception.vhd(49)
Info (12128): Elaborating entity "prediv_1s" for hierarchy "cmd_reception:C1|prediv_1s:C1"
Info (12128): Elaborating entity "prediv_4800Hz" for hierarchy "cmd_reception:C1|prediv_4800Hz:C2"
Warning (13024): Output pins are stuck at VCC or GND
    Warning (13410): Pin "readdata[3]" is stuck at GND
    Warning (13410): Pin "readdata[4]" is stuck at GND
    Warning (13410): Pin "readdata[5]" is stuck at GND
    Warning (13410): Pin "readdata[6]" is stuck at GND
    Warning (13410): Pin "readdata[7]" is stuck at GND
    Warning (13410): Pin "readdata[8]" is stuck at GND
    Warning (13410): Pin "readdata[9]" is stuck at GND
    Warning (13410): Pin "readdata[10]" is stuck at GND
    Warning (13410): Pin "readdata[11]" is stuck at GND
    Warning (13410): Pin "readdata[12]" is stuck at GND
    Warning (13410): Pin "readdata[13]" is stuck at GND
    Warning (13410): Pin "readdata[14]" is stuck at GND
    Warning (13410): Pin "readdata[15]" is stuck at GND
Info (286030): Timing-Driven Synthesis is running
Info (16010): Generating hard_block partition "hard_block:auto_generated_inst"
Warning (21074): Design contains 13 input pin(s) that do not drive logic
    Warning (15610): No output dependent on input pin "writedata[3]"
    Warning (15610): No output dependent on input pin "writedata[4]"
    Warning (15610): No output dependent on input pin "writedata[5]"
    Warning (15610): No output dependent on input pin "writedata[6]"
    Warning (15610): No output dependent on input pin "writedata[7]"
    Warning (15610): No output dependent on input pin "writedata[8]"
    Warning (15610): No output dependent on input pin "writedata[9]"
    Warning (15610): No output dependent on input pin "writedata[10]"
    Warning (15610): No output dependent on input pin "writedata[11]"
    Warning (15610): No output dependent on input pin "writedata[12]"
    Warning (15610): No output dependent on input pin "writedata[13]"
    Warning (15610): No output dependent on input pin "writedata[14]"
    Warning (15610): No output dependent on input pin "writedata[15]"
Info (21057): Implemented 47 device resources after synthesis - the final resource count might be different
    Info (21058): Implemented 23 input pins
    Info (21059): Implemented 16 output pins
    Info (21061): Implemented 8 logic cells
Info: Quartus II 32-bit Analysis & Synthesis was successful. 0 errors, 53 warnings
    Info: Peak virtual memory: 333 megabytes
    Info: Processing ended: Thu Dec 17 00:20:55 2020
    Info: Elapsed time: 00:00:02
    Info: Total CPU time (on all processors): 00:00:01


